Component: ARM Compiler 5.06 update 5 (build 528) Tool: armlink [4d35e2]

==============================================================================

Section Cross References

    stm32f0xx_hal_msp.o(i.HAL_MspInit) refers to stm32f0xx_hal_cortex.o(i.HAL_NVIC_SetPriority) for HAL_NVIC_SetPriority
    usart.o(i.HAL_UART_MspDeInit) refers to stm32f0xx_hal_gpio.o(i.HAL_GPIO_DeInit) for HAL_GPIO_DeInit
    usart.o(i.HAL_UART_MspInit) refers to stm32f0xx_hal_gpio.o(i.HAL_GPIO_Init) for HAL_GPIO_Init
    usart.o(i.MX_USART1_UART_Init) refers to stm32f0xx_hal_uart.o(i.HAL_UART_Init) for HAL_UART_Init
    usart.o(i.MX_USART1_UART_Init) refers to main.o(i._Error_Handler) for _Error_Handler
    usart.o(i.MX_USART1_UART_Init) refers to usart.o(.bss) for .bss
    stm32f0xx_it.o(i.SysTick_Handler) refers to stm32f0xx_hal.o(i.HAL_IncTick) for HAL_IncTick
    stm32f0xx_it.o(i.SysTick_Handler) refers to stm32f0xx_hal_cortex.o(i.HAL_SYSTICK_IRQHandler) for HAL_SYSTICK_IRQHandler
    gpio.o(i.MX_GPIO_Init) refers to stm32f0xx_hal_gpio.o(i.HAL_GPIO_WritePin) for HAL_GPIO_WritePin
    gpio.o(i.MX_GPIO_Init) refers to stm32f0xx_hal_gpio.o(i.HAL_GPIO_Init) for HAL_GPIO_Init
    main.o(i.SystemClock_Config) refers to stm32f0xx_hal_rcc.o(i.HAL_RCC_OscConfig) for HAL_RCC_OscConfig
    main.o(i.SystemClock_Config) refers to stm32f0xx_hal_rcc.o(i.HAL_RCC_ClockConfig) for HAL_RCC_ClockConfig
    main.o(i.SystemClock_Config) refers to stm32f0xx_hal_rcc_ex.o(i.HAL_RCCEx_PeriphCLKConfig) for HAL_RCCEx_PeriphCLKConfig
    main.o(i.SystemClock_Config) refers to stm32f0xx_hal_rcc.o(i.HAL_RCC_GetHCLKFreq) for HAL_RCC_GetHCLKFreq
    main.o(i.SystemClock_Config) refers to uidiv.o(.text) for __aeabi_uidivmod
    main.o(i.SystemClock_Config) refers to stm32f0xx_hal_cortex.o(i.HAL_SYSTICK_Config) for HAL_SYSTICK_Config
    main.o(i.SystemClock_Config) refers to stm32f0xx_hal_cortex.o(i.HAL_SYSTICK_CLKSourceConfig) for HAL_SYSTICK_CLKSourceConfig
    main.o(i.SystemClock_Config) refers to stm32f0xx_hal_cortex.o(i.HAL_NVIC_SetPriority) for HAL_NVIC_SetPriority
    main.o(i.fputc) refers to stm32f0xx_hal_uart.o(i.HAL_UART_Transmit) for HAL_UART_Transmit
    main.o(i.fputc) refers to usart.o(.bss) for huart1
    main.o(i.main) refers to stm32f0xx_hal.o(i.HAL_Init) for HAL_Init
    main.o(i.main) refers to main.o(i.SystemClock_Config) for SystemClock_Config
    main.o(i.main) refers to gpio.o(i.MX_GPIO_Init) for MX_GPIO_Init
    main.o(i.main) refers to usart.o(i.MX_USART1_UART_Init) for MX_USART1_UART_Init
    main.o(i.main) refers to oled.o(i.Lcd_Init) for Lcd_Init
    main.o(i.main) refers to oled.o(i.Calculation_UI) for Calculation_UI
    main.o(i.main) refers to keypad.o(i.Scan_Keyboard) for Scan_Keyboard
    main.o(i.main) refers to main.o(i.__ARM_common_switch8) for __ARM_common_switch8
    main.o(i.main) refers to oled.o(i.LCD_ShowString) for LCD_ShowString
    main.o(i.main) refers to calculation.o(i.Cal_Fun) for Cal_Fun
    main.o(i.main) refers to calculation.o(i.Cal_OneTwo) for Cal_OneTwo
    main.o(i.main) refers to dfixi.o(.text) for __aeabi_d2iz
    main.o(i.main) refers to draw.o(i.Draw_Round) for Draw_Round
    main.o(i.main) refers to draw.o(i.Draw_Sin) for Draw_Sin
    main.o(i.main) refers to draw.o(i.One_two_degree_equation) for One_two_degree_equation
    main.o(i.main) refers to oled.o(.data) for BACK_COLOR
    main.o(i.main) refers to main.o(.data) for .data
    main.o(i.main) refers to main.o(.bss) for .bss
    main.o(i.main) refers to keypad.o(.bss) for dis_str
    calculation.o(i.Cal_Fun) refers to memseta.o(.text) for __aeabi_memclr4
    calculation.o(i.Cal_Fun) refers to malloc.o(i.malloc) for malloc
    calculation.o(i.Cal_Fun) refers to atof.o(i.atof) for atof
    calculation.o(i.Cal_Fun) refers to calculation.o(i.Inshuju) for Inshuju
    calculation.o(i.Cal_Fun) refers to printfa.o(i.__0printf) for __2printf
    calculation.o(i.Cal_Fun) refers to atoi.o(.text) for atoi
    calculation.o(i.Cal_Fun) refers to dflti.o(.text) for __aeabi_i2d
    calculation.o(i.Cal_Fun) refers to calculation.o(i.judge) for judge
    calculation.o(i.Cal_Fun) refers to calculation.o(i.Putshuju) for Putshuju
    calculation.o(i.Cal_Fun) refers to calculation.o(i.Putfuhao) for Putfuhao
    calculation.o(i.Cal_Fun) refers to calculation.o(i.Math) for Math
    calculation.o(i.Cal_Fun) refers to calculation.o(i.Infuhao) for Infuhao
    calculation.o(i.Cal_Fun) refers to malloc.o(i.free) for free
    calculation.o(i.Cal_Fun) refers to printfa.o(i.__0sprintf) for __2sprintf
    calculation.o(i.Cal_Fun) refers to main.o(.bss) for math_dis
    calculation.o(i.Cal_OneTwo) refers to dscalb.o(.text) for __ARM_scalbn
    calculation.o(i.Cal_OneTwo) refers to dmul.o(.text) for __aeabi_dmul
    calculation.o(i.Cal_OneTwo) refers to dadd.o(.text) for __aeabi_dsub
    calculation.o(i.Cal_OneTwo) refers to cdcmple.o(.text) for __aeabi_cdcmple
    calculation.o(i.Cal_OneTwo) refers to printfa.o(i.__0printf) for __2printf
[...]
    Removing stm32f0xx_hal_pwr.o(i.HAL_PWR_EnterSTANDBYMode), (32 bytes).
    Removing stm32f0xx_hal_pwr.o(i.HAL_PWR_EnterSTOPMode), (52 bytes).
    Removing stm32f0xx_hal.o(.rev16_text), (4 bytes).
    Removing stm32f0xx_hal.o(.revsh_text), (4 bytes).
    Removing stm32f0xx_hal.o(i.HAL_DBGMCU_DisableDBGStandbyMode), (16 bytes).
    Removing stm32f0xx_hal.o(i.HAL_DBGMCU_DisableDBGStopMode), (16 bytes).
    Removing stm32f0xx_hal.o(i.HAL_DBGMCU_EnableDBGStandbyMode), (16 bytes).
    Removing stm32f0xx_hal.o(i.HAL_DBGMCU_EnableDBGStopMode), (16 bytes).
    Removing stm32f0xx_hal.o(i.HAL_DeInit), (36 bytes).
    Removing stm32f0xx_hal.o(i.HAL_GetDEVID), (16 bytes).
    Removing stm32f0xx_hal.o(i.HAL_GetHalVersion), (8 bytes).
    Removing stm32f0xx_hal.o(i.HAL_GetREVID), (12 bytes).
    Removing stm32f0xx_hal.o(i.HAL_GetUIDw0), (12 bytes).
    Removing stm32f0xx_hal.o(i.HAL_GetUIDw1), (12 bytes).
    Removing stm32f0xx_hal.o(i.HAL_GetUIDw2), (12 bytes).
    Removing stm32f0xx_hal.o(i.HAL_MspDeInit), (2 bytes).
    Removing stm32f0xx_hal.o(i.HAL_MspInit), (2 bytes).
    Removing stm32f0xx_hal.o(i.HAL_ResumeTick), (16 bytes).
    Removing stm32f0xx_hal.o(i.HAL_SuspendTick), (16 bytes).
    Removing stm32f0xx_hal_rcc.o(.rev16_text), (4 bytes).
    Removing stm32f0xx_hal_rcc.o(.revsh_text), (4 bytes).
    Removing stm32f0xx_hal_rcc.o(i.HAL_RCC_CSSCallback), (2 bytes).
    Removing stm32f0xx_hal_rcc.o(i.HAL_RCC_DeInit), (76 bytes).
    Removing stm32f0xx_hal_rcc.o(i.HAL_RCC_DisableCSS), (20 bytes).
    Removing stm32f0xx_hal_rcc.o(i.HAL_RCC_EnableCSS), (20 bytes).
    Removing stm32f0xx_hal_rcc.o(i.HAL_RCC_GetClockConfig), (56 bytes).
    Removing stm32f0xx_hal_rcc.o(i.HAL_RCC_GetOscConfig), (156 bytes).
    Removing stm32f0xx_hal_rcc.o(i.HAL_RCC_MCOConfig), (80 bytes).
    Removing stm32f0xx_hal_rcc.o(i.HAL_RCC_NMI_IRQHandler), (24 bytes).
    Removing stm32f0xx_hal_rcc_ex.o(.rev16_text), (4 bytes).
    Removing stm32f0xx_hal_rcc_ex.o(.revsh_text), (4 bytes).
    Removing stm32f0xx_hal_rcc_ex.o(i.HAL_RCCEx_GetPeriphCLKConfig), (44 bytes).
    Removing stm32f0xx_hal_rcc_ex.o(i.HAL_RCCEx_GetPeriphCLKFreq), (156 bytes).
    Removing stm32f0xx_hal_pwr_ex.o(.rev16_text), (4 bytes).
    Removing stm32f0xx_hal_pwr_ex.o(.revsh_text), (4 bytes).
    Removing stm32f0xx_hal_uart.o(.rev16_text), (4 bytes).
    Removing stm32f0xx_hal_uart.o(.revsh_text), (4 bytes).
    Removing stm32f0xx_hal_uart.o(i.HAL_HalfDuplex_EnableReceiver), (54 bytes).
    Removing stm32f0xx_hal_uart.o(i.HAL_HalfDuplex_EnableTransmitter), (54 bytes).
    Removing stm32f0xx_hal_uart.o(i.HAL_HalfDuplex_Init), (108 bytes).
    Removing stm32f0xx_hal_uart.o(i.HAL_MultiProcessor_DisableMuteMode), (46 bytes).
    Removing stm32f0xx_hal_uart.o(i.HAL_MultiProcessor_EnableMuteMode), (46 bytes).
    Removing stm32f0xx_hal_uart.o(i.HAL_MultiProcessor_EnterMuteMode), (12 bytes).
    Removing stm32f0xx_hal_uart.o(i.HAL_MultiProcessor_Init), (140 bytes).
    Removing stm32f0xx_hal_uart.o(i.HAL_UART_Abort), (120 bytes).
    Removing stm32f0xx_hal_uart.o(i.HAL_UART_AbortCpltCallback), (2 bytes).
    Removing stm32f0xx_hal_uart.o(i.HAL_UART_AbortReceive), (80 bytes).
    Removing stm32f0xx_hal_uart.o(i.HAL_UART_AbortReceiveCpltCallback), (2 bytes).
    Removing stm32f0xx_hal_uart.o(i.HAL_UART_AbortReceive_IT), (116 bytes).
    Removing stm32f0xx_hal_uart.o(i.HAL_UART_AbortTransmit), (62 bytes).
    Removing stm32f0xx_hal_uart.o(i.HAL_UART_AbortTransmitCpltCallback), (2 bytes).
    Removing stm32f0xx_hal_uart.o(i.HAL_UART_AbortTransmit_IT), (92 bytes).
    Removing stm32f0xx_hal_uart.o(i.HAL_UART_Abort_IT), (196 bytes).
    Removing stm32f0xx_hal_uart.o(i.HAL_UART_DMAPause), (94 bytes).
    Removing stm32f0xx_hal_uart.o(i.HAL_UART_DMAResume), (86 bytes).
    Removing stm32f0xx_hal_uart.o(i.HAL_UART_DMAStop), (88 bytes).
    Removing stm32f0xx_hal_uart.o(i.HAL_UART_DeInit), (62 bytes).
    Removing stm32f0xx_hal_uart.o(i.HAL_UART_ErrorCallback), (2 bytes).
    Removing stm32f0xx_hal_uart.o(i.HAL_UART_GetError), (4 bytes).
    Removing stm32f0xx_hal_uart.o(i.HAL_UART_GetState), (12 bytes).
    Removing stm32f0xx_hal_uart.o(i.HAL_UART_IRQHandler), (276 bytes).
    Removing stm32f0xx_hal_uart.o(i.HAL_UART_MspDeInit), (2 bytes).
    Removing stm32f0xx_hal_uart.o(i.HAL_UART_MspInit), (2 bytes).
    Removing stm32f0xx_hal_uart.o(i.HAL_UART_Receive), (228 bytes).
    Removing stm32f0xx_hal_uart.o(i.HAL_UART_Receive_DMA), (164 bytes).
    Removing stm32f0xx_hal_uart.o(i.HAL_UART_Receive_IT), (136 bytes).
    Removing stm32f0xx_hal_uart.o(i.HAL_UART_RxCpltCallback), (2 bytes).
    Removing stm32f0xx_hal_uart.o(i.HAL_UART_RxHalfCpltCallback), (2 bytes).
    Removing stm32f0xx_hal_uart.o(i.HAL_UART_Transmit_DMA), (152 bytes).
    Removing stm32f0xx_hal_uart.o(i.HAL_UART_Transmit_IT), (88 bytes).
    Removing stm32f0xx_hal_uart.o(i.HAL_UART_TxCpltCallback), (2 bytes).
    Removing stm32f0xx_hal_uart.o(i.HAL_UART_TxHalfCpltCallback), (2 bytes).
    Removing stm32f0xx_hal_uart.o(i.UART_DMAAbortOnError), (20 bytes).
    Removing stm32f0xx_hal_uart.o(i.UART_DMAError), (74 bytes).
    Removing stm32f0xx_hal_uart.o(i.UART_DMAReceiveCplt), (64 bytes).
    Removing stm32f0xx_hal_uart.o(i.UART_DMARxAbortCallback), (54 bytes).
    Removing stm32f0xx_hal_uart.o(i.UART_DMARxHalfCplt), (10 bytes).
    Removing stm32f0xx_hal_uart.o(i.UART_DMARxOnlyAbortCallback), (28 bytes).
    Removing stm32f0xx_hal_uart.o(i.UART_DMATransmitCplt), (48 bytes).
    Removing stm32f0xx_hal_uart.o(i.UART_DMATxAbortCallback), (54 bytes).
    Removing stm32f0xx_hal_uart.o(i.UART_DMATxHalfCplt), (10 bytes).
    Removing stm32f0xx_hal_uart.o(i.UART_DMATxOnlyAbortCallback), (22 bytes).
    Removing stm32f0xx_hal_uart.o(i.UART_EndRxTransfer), (30 bytes).
    Removing stm32f0xx_hal_uart.o(i.UART_EndTransmit_IT), (26 bytes).
    Removing stm32f0xx_hal_uart.o(i.UART_EndTxTransfer), (18 bytes).
    Removing stm32f0xx_hal_uart.o(i.UART_Receive_IT), (122 bytes).
    Removing stm32f0xx_hal_uart.o(i.UART_Transmit_IT), (102 bytes).
    Removing stm32f0xx_hal_cortex.o(.rev16_text), (4 bytes).
    Removing stm32f0xx_hal_cortex.o(.revsh_text), (4 bytes).
    Removing stm32f0xx_hal_cortex.o(i.HAL_NVIC_ClearPendingIRQ), (20 bytes).
    Removing stm32f0xx_hal_cortex.o(i.HAL_NVIC_DisableIRQ), (20 bytes).
    Removing stm32f0xx_hal_cortex.o(i.HAL_NVIC_EnableIRQ), (20 bytes).
    Removing stm32f0xx_hal_cortex.o(i.HAL_NVIC_GetPendingIRQ), (28 bytes).
    Removing stm32f0xx_hal_cortex.o(i.HAL_NVIC_GetPriority), (52 bytes).
    Removing stm32f0xx_hal_cortex.o(i.HAL_NVIC_SetPendingIRQ), (20 bytes).
    Removing stm32f0xx_hal_cortex.o(i.HAL_NVIC_SystemReset), (28 bytes).

288 unused section(s) (total 17602 bytes) removed from the image.

==============================================================================

Image Symbol Table

    Local Symbols

    Symbol Name                              Value     Ov Type        Size  Object(Section)

    ../Drivers/STM32F0xx_HAL_Driver/Src/stm32f0xx_hal.c 0x00000000   Number         0  stm32f0xx_hal.o ABSOLUTE
    ../Drivers/STM32F0xx_HAL_Driver/Src/stm32f0xx_hal_cortex.c 0x00000000   Number         0  stm32f0xx_hal_cortex.o ABSOLUTE
    ../Drivers/STM32F0xx_HAL_Driver/Src/stm32f0xx_hal_dma.c 0x00000000   Number         0  stm32f0xx_hal_dma.o ABSOLUTE
    ../Drivers/STM32F0xx_HAL_Driver/Src/stm32f0xx_hal_flash.c 0x00000000   Number         0  stm32f0xx_hal_flash.o ABSOLUTE
    ../Drivers/STM32F0xx_HAL_Driver/Src/stm32f0xx_hal_flash_ex.c 0x00000000   Number         0  stm32f0xx_hal_flash_ex.o ABSOLUTE
    ../Drivers/STM32F0xx_HAL_Driver/Src/stm32f0xx_hal_gpio.c 0x00000000   Number         0  stm32f0xx_hal_gpio.o ABSOLUTE
    ../Drivers/STM32F0xx_HAL_Driver/Src/stm32f0xx_hal_i2c.c 0x00000000   Number         0  stm32f0xx_hal_i2c.o ABSOLUTE
    ../Drivers/STM32F0xx_HAL_Driver/Src/stm32f0xx_hal_i2c_ex.c 0x00000000   Number         0  stm32f0xx_hal_i2c_ex.o ABSOLUTE
    ../Drivers/STM32F0xx_HAL_Driver/Src/stm32f0xx_hal_pwr.c 0x00000000   Number         0  stm32f0xx_hal_pwr.o ABSOLUTE
    ../Drivers/STM32F0xx_HAL_Driver/Src/stm32f0xx_hal_pwr_ex.c 0x00000000   Number         0  stm32f0xx_hal_pwr_ex.o ABSOLUTE
    ../Drivers/STM32F0xx_HAL_Driver/Src/stm32f0xx_hal_rcc.c 0x00000000   Number         0  stm32f0xx_hal_rcc.o ABSOLUTE
    ../Drivers/STM32F0xx_HAL_Driver/Src/stm32f0xx_hal_rcc_ex.c 0x00000000   Number         0  stm32f0xx_hal_rcc_ex.o ABSOLUTE
    ../Drivers/STM32F0xx_HAL_Driver/Src/stm32f0xx_hal_tim.c 0x00000000   Number         0  stm32f0xx_hal_tim.o ABSOLUTE
    ../Drivers/STM32F0xx_HAL_Driver/Src/stm32f0xx_hal_tim_ex.c 0x00000000   Number         0  stm32f0xx_hal_tim_ex.o ABSOLUTE
    ../Drivers/STM32F0xx_HAL_Driver/Src/stm32f0xx_hal_uart.c 0x00000000   Number         0  stm32f0xx_hal_uart.o ABSOLUTE
    ../Drivers/STM32F0xx_HAL_Driver/Src/stm32f0xx_hal_uart_ex.c 0x00000000   Number         0  stm32f0xx_hal_uart_ex.o ABSOLUTE
    ../Src/gpio.c                            0x00000000   Number         0  gpio.o ABSOLUTE
    ../Src/main.c                            0x00000000   Number         0  main.o ABSOLUTE
    ../Src/stm32f0xx_hal_msp.c               0x00000000   Number         0  stm32f0xx_hal_msp.o ABSOLUTE
    ../Src/stm32f0xx_it.c                    0x00000000   Number         0  stm32f0xx_it.o ABSOLUTE
    ../Src/system_stm32f0xx.c                0x00000000   Number         0  system_stm32f0xx.o ABSOLUTE
    ../Src/usart.c                           0x00000000   Number         0  usart.o ABSOLUTE
    ../clib/../cmprslib/zerorunl2.c          0x00000000   Number         0  __dczerorl2.o ABSOLUTE
    ../clib/microlib/ctype/ctype.c           0x00000000   Number         0  isgraph_o.o ABSOLUTE
    ../clib/microlib/ctype/ctype.c           0x00000000   Number         0  isprint_o.o ABSOLUTE
    ../clib/microlib/ctype/ctype.c           0x00000000   Number         0  ispunct_o.o ABSOLUTE
    ../clib/microlib/ctype/ctype.c           0x00000000   Number         0  isupper_o.o ABSOLUTE
    ../clib/microlib/ctype/ctype.c           0x00000000   Number         0  isalnum_o.o ABSOLUTE
    ../clib/microlib/ctype/ctype.c           0x00000000   Number         0  islower_o.o ABSOLUTE
    ../clib/microlib/ctype/ctype.c           0x00000000   Number         0  isxdigit_o.o ABSOLUTE
    ../clib/microlib/ctype/ctype.c           0x00000000   Number         0  isalpha_o.o ABSOLUTE
    ../clib/microlib/ctype/ctype.c           0x00000000   Number         0  isspace_o.o ABSOLUTE
    ../clib/microlib/ctype/ctype.c           0x00000000   Number         0  isspace_c.o ABSOLUTE
    ../clib/microlib/ctype/ctype.c           0x00000000   Number         0  isdigit_o.o ABSOLUTE
    ../clib/microlib/ctype/ctype.c           0x00000000   Number         0  iscntrl_o.o ABSOLUTE
    ../clib/microlib/ctype/ctype.c           0x00000000   Number         0  ctype_o.o ABSOLUTE
    ../clib/microlib/ctype/ctype.c           0x00000000   Number         0  ctype_c.o ABSOLUTE
    ../clib/microlib/ctype/ctype.c           0x00000000   Number         0  isblank_o.o ABSOLUTE
    ../clib/microlib/division.c              0x00000000   Number         0  uldiv.o ABSOLUTE
    ../clib/microlib/division.c              0x00000000   Number         0  idiv.o ABSOLUTE
    ../clib/microlib/division.c              0x00000000   Number         0  uidiv.o ABSOLUTE
    ../clib/microlib/errno.c                 0x00000000   Number         0  errno.o ABSOLUTE
    ../clib/microlib/init/entry.s            0x00000000   Number         0  entry10a.o ABSOLUTE
    ../clib/microlib/init/entry.s            0x00000000   Number         0  entry9a.o ABSOLUTE
    ../clib/microlib/init/entry.s            0x00000000   Number         0  entry8b.o ABSOLUTE
    ../clib/microlib/init/entry.s            0x00000000   Number         0  entry8a.o ABSOLUTE
    ../clib/microlib/init/entry.s            0x00000000   Number         0  entry7b.o ABSOLUTE
    ../clib/microlib/init/entry.s            0x00000000   Number         0  entry7a.o ABSOLUTE
    ../clib/microlib/init/entry.s            0x00000000   Number         0  entry5.o ABSOLUTE
    ../clib/microlib/init/entry.s            0x00000000   Number         0  entry2.o ABSOLUTE
    ../clib/microlib/init/entry.s            0x00000000   Number         0  entry.o ABSOLUTE
    ../clib/microlib/init/entry.s            0x00000000   Number         0  entry9b.o ABSOLUTE
    ../clib/microlib/init/entry.s            0x00000000   Number         0  entry11b.o ABSOLUTE
    ../clib/microlib/init/entry.s            0x00000000   Number         0  entry11a.o ABSOLUTE
    ../clib/microlib/init/entry.s            0x00000000   Number         0  entry10b.o ABSOLUTE
    ../clib/microlib/longlong.c              0x00000000   Number         0  llmul.o ABSOLUTE
    ../clib/microlib/longlong.c              0x00000000   Number         0  llsshr.o ABSOLUTE
    ../clib/microlib/longlong.c              0x00000000   Number         0  llshl.o ABSOLUTE
    ../clib/microlib/longlong.c              0x00000000   Number         0  llushr.o ABSOLUTE
    ../clib/microlib/malloc/malloc.c         0x00000000   Number         0  mallocra.o ABSOLUTE
    ../clib/microlib/malloc/malloc.c         0x00000000   Number         0  malloca.o ABSOLUTE
    ../clib/microlib/malloc/malloc.c         0x00000000   Number         0  malloc.o ABSOLUTE
    ../clib/microlib/malloc/malloc.c         0x00000000   Number         0  mallocr.o ABSOLUTE
    ../clib/microlib/malloc/mvars.c          0x00000000   Number         0  mvars.o ABSOLUTE
    ../clib/microlib/printf/printf.c         0x00000000   Number         0  printf5.o ABSOLUTE
    ../clib/microlib/printf/printf.c         0x00000000   Number         0  printf1.o ABSOLUTE
    ../clib/microlib/printf/printf.c         0x00000000   Number         0  printf8.o ABSOLUTE
    ../clib/microlib/printf/printf.c         0x00000000   Number         0  printf3.o ABSOLUTE
    ../clib/microlib/printf/printf.c         0x00000000   Number         0  printfa.o ABSOLUTE
    ../clib/microlib/printf/printf.c         0x00000000   Number         0  printf2.o ABSOLUTE
    ../clib/microlib/printf/printf.c         0x00000000   Number         0  printf4.o ABSOLUTE
    ../clib/microlib/printf/printf.c         0x00000000   Number         0  printf6.o ABSOLUTE
    ../clib/microlib/printf/printf.c         0x00000000   Number         0  printf7.o ABSOLUTE
    ../clib/microlib/printf/printf.c         0x00000000   Number         0  printf0.o ABSOLUTE
    ../clib/microlib/printf/printf.c         0x00000000   Number         0  printfb.o ABSOLUTE
    ../clib/microlib/printf/stubs.s          0x00000000   Number         0  stubs.o ABSOLUTE
    ../clib/microlib/stdio/streams.c         0x00000000   Number         0  stdout.o ABSOLUTE
    ../clib/microlib/string/memcpy.c         0x00000000   Number         0  memcpyb.o ABSOLUTE
    ../clib/microlib/string/memcpy.c         0x00000000   Number         0  memcpya.o ABSOLUTE
    ../clib/microlib/string/memset.c         0x00000000   Number         0  memseta.o ABSOLUTE
    ../clib/microlib/stubs.s                 0x00000000   Number         0  iusefp.o ABSOLUTE
    ../clib/scanf.c                          0x00000000   Number         0  _sgetc.o ABSOLUTE
    ../clib/scanf.c                          0x00000000   Number         0  atoi.o ABSOLUTE
    ../clib/scanf.c                          0x00000000   Number         0  scanf_fp.o ABSOLUTE
    ../clib/scanf.c                          0x00000000   Number         0  _chval.o ABSOLUTE
    ../clib/scanf.c                          0x00000000   Number         0  strtol.o ABSOLUTE
    ../clib/scanf.c                          0x00000000   Number         0  strtod.o ABSOLUTE
    ../clib/scanf.c                          0x00000000   Number         0  _strtoul.o ABSOLUTE
    ../fplib/microlib/d2f.c                  0x00000000   Number         0  d2f.o ABSOLUTE
    ../fplib/microlib/fpadd.c                0x00000000   Number         0  dadd.o ABSOLUTE
    ../fplib/microlib/fpdiv.c                0x00000000   Number         0  ddiv.o ABSOLUTE
    ../fplib/microlib/fpepilogue.c           0x00000000   Number         0  fepilogue.o ABSOLUTE
    ../fplib/microlib/fpepilogue.c           0x00000000   Number         0  depilogue.o ABSOLUTE
    ../fplib/microlib/fpfix.c                0x00000000   Number         0  dfixi.o ABSOLUTE
    ../fplib/microlib/fpfix.c                0x00000000   Number         0  dfixul.o ABSOLUTE
    ../fplib/microlib/fpfix.c                0x00000000   Number         0  dfixui.o ABSOLUTE
    ../fplib/microlib/fpflt.c                0x00000000   Number         0  dflti.o ABSOLUTE
    ../fplib/microlib/fpflt.c                0x00000000   Number         0  dfltul.o ABSOLUTE
    ../fplib/microlib/fpflt.c                0x00000000   Number         0  dfltui.o ABSOLUTE
    ../fplib/microlib/fpmul.c                0x00000000   Number         0  dmul.o ABSOLUTE
    ../fplib/microlib/fpscalb.c              0x00000000   Number         0  dscalb.o ABSOLUTE
    ../fplib/microlib/fpsqrt.c               0x00000000   Number         0  dsqrt.o ABSOLUTE
    ../mathlib/atof.c                        0x00000000   Number         0  atof.o ABSOLUTE
    ../mathlib/cos_i.c                       0x00000000   Number         0  cos_i.o ABSOLUTE
    ../mathlib/dunder.c                      0x00000000   Number         0  dunder.o ABSOLUTE
    ../mathlib/fpclassify.c                  0x00000000   Number         0  fpclassify.o ABSOLUTE
    ../mathlib/poly.c                        0x00000000   Number         0  poly.o ABSOLUTE
    ../mathlib/rred.c                        0x00000000   Number         0  rred.o ABSOLUTE
    ../mathlib/sin.c                         0x00000000   Number         0  sin.o ABSOLUTE
    ../mathlib/sin.c                         0x00000000   Number         0  sin_x.o ABSOLUTE
    ../mathlib/sin_i.c                       0x00000000   Number         0  sin_i_x.o ABSOLUTE
    ../mathlib/sin_i.c                       0x00000000   Number         0  sin_i.o ABSOLUTE
    ../mathlib/sqrt.c                        0x00000000   Number         0  sqrt_x.o ABSOLUTE
    ../mathlib/sqrt.c                        0x00000000   Number         0  sqrt.o ABSOLUTE
    ..\Calculation\Calculation.c             0x00000000   Number         0  calculation.o ABSOLUTE
    ..\Draw\draw.c                           0x00000000   Number         0  draw.o ABSOLUTE
    ..\Drivers\STM32F0xx_HAL_Driver\Src\stm32f0xx_hal.c 0x00000000   Number         0  stm32f0xx_hal.o ABSOLUTE
    ..\Drivers\STM32F0xx_HAL_Driver\Src\stm32f0xx_hal_cortex.c 0x00000000   Number         0  stm32f0xx_hal_cortex.o ABSOLUTE
    ..\Drivers\STM32F0xx_HAL_Driver\Src\stm32f0xx_hal_dma.c 0x00000000   Number         0  stm32f0xx_hal_dma.o ABSOLUTE
    ..\Drivers\STM32F0xx_HAL_Driver\Src\stm32f0xx_hal_flash.c 0x00000000   Number         0  stm32f0xx_hal_flash.o ABSOLUTE
    ..\Drivers\STM32F0xx_HAL_Driver\Src\stm32f0xx_hal_flash_ex.c 0x00000000   Number         0  stm32f0xx_hal_flash_ex.o ABSOLUTE
    ..\Drivers\STM32F0xx_HAL_Driver\Src\stm32f0xx_hal_gpio.c 0x00000000   Number         0  stm32f0xx_hal_gpio.o ABSOLUTE
    ..\Drivers\STM32F0xx_HAL_Driver\Src\stm32f0xx_hal_i2c.c 0x00000000   Number         0  stm32f0xx_hal_i2c.o ABSOLUTE
    ..\Drivers\STM32F0xx_HAL_Driver\Src\stm32f0xx_hal_i2c_ex.c 0x00000000   Number         0  stm32f0xx_hal_i2c_ex.o ABSOLUTE
    ..\Drivers\STM32F0xx_HAL_Driver\Src\stm32f0xx_hal_pwr.c 0x00000000   Number         0  stm32f0xx_hal_pwr.o ABSOLUTE
    ..\Drivers\STM32F0xx_HAL_Driver\Src\stm32f0xx_hal_pwr_ex.c 0x00000000   Number         0  stm32f0xx_hal_pwr_ex.o ABSOLUTE
    ..\Drivers\STM32F0xx_HAL_Driver\Src\stm32f0xx_hal_rcc.c 0x00000000   Number         0  stm32f0xx_hal_rcc.o ABSOLUTE
    ..\Drivers\STM32F0xx_HAL_Driver\Src\stm32f0xx_hal_rcc_ex.c 0x00000000   Number         0  stm32f0xx_hal_rcc_ex.o ABSOLUTE
    ..\Drivers\STM32F0xx_HAL_Driver\Src\stm32f0xx_hal_tim.c 0x00000000   Number         0  stm32f0xx_hal_tim.o ABSOLUTE
    ..\Drivers\STM32F0xx_HAL_Driver\Src\stm32f0xx_hal_tim_ex.c 0x00000000   Number         0  stm32f0xx_hal_tim_ex.o ABSOLUTE
    ..\Drivers\STM32F0xx_HAL_Driver\Src\stm32f0xx_hal_uart.c 0x00000000   Number         0  stm32f0xx_hal_uart.o ABSOLUTE
    ..\Drivers\STM32F0xx_HAL_Driver\Src\stm32f0xx_hal_uart_ex.c 0x00000000   Number         0  stm32f0xx_hal_uart_ex.o ABSOLUTE
    ..\KeyBoard\keypad.c                     0x00000000   Number         0  keypad.o ABSOLUTE
    ..\OLED\oled.c                           0x00000000   Number         0  oled.o ABSOLUTE
    ..\Src\gpio.c                            0x00000000   Number         0  gpio.o ABSOLUTE
    ..\Src\main.c                            0x00000000   Number         0  main.o ABSOLUTE
    ..\Src\stm32f0xx_hal_msp.c               0x00000000   Number         0  stm32f0xx_hal_msp.o ABSOLUTE
    ..\Src\stm32f0xx_it.c                    0x00000000   Number         0  stm32f0xx_it.o ABSOLUTE
    ..\Src\system_stm32f0xx.c                0x00000000   Number         0  system_stm32f0xx.o ABSOLUTE
    ..\Src\usart.c                           0x00000000   Number         0  usart.o ABSOLUTE
    ..\\Draw\\draw.c                         0x00000000   Number         0  draw.o ABSOLUTE
    ..\\KeyBoard\\keypad.c                   0x00000000   Number         0  keypad.o ABSOLUTE
    ..\\OLED\\oled.c                         0x00000000   Number         0  oled.o ABSOLUTE
    cdcmple.s                                0x00000000   Number         0  cdcmple.o ABSOLUTE
    cdrcmple.s                               0x00000000   Number         0  cdrcmple.o ABSOLUTE
    dc.s                                     0x00000000   Number         0  dc.o ABSOLUTE
    handlers.s                               0x00000000   Number         0  handlers.o ABSOLUTE
    init.s                                   0x00000000   Number         0  init.o ABSOLUTE
    startup_stm32f030x6.s                    0x00000000   Number         0  startup_stm32f030x6.o ABSOLUTE
    RESET                                    0x08000000   Section      176  startup_stm32f030x6.o(RESET)
    .ARM.Collect$$$$00000000                 0x080000b0   Section        0  entry.o(.ARM.Collect$$$$00000000)
    .ARM.Collect$$$$00000001                 0x080000b0   Section        4  entry2.o(.ARM.Collect$$$$00000001)
    .ARM.Collect$$$$00000004                 0x080000b4   Section        4  entry5.o(.ARM.Collect$$$$00000004)
    .ARM.Collect$$$$00000008                 0x080000b8   Section        0  entry7b.o(.ARM.Collect$$$$00000008)
    .ARM.Collect$$$$0000000A                 0x080000b8   Section        0  entry8b.o(.ARM.Collect$$$$0000000A)
    .ARM.Collect$$$$0000000B                 0x080000b8   Section        8  entry9a.o(.ARM.Collect$$$$0000000B)
    .ARM.Collect$$$$0000000D                 0x080000c0   Section        0  entry10a.o(.ARM.Collect$$$$0000000D)
    .ARM.Collect$$$$0000000F                 0x080000c0   Section        0  entry11a.o(.ARM.Collect$$$$0000000F)
    .ARM.Collect$$$$00002712                 0x080000c0   Section        4  entry2.o(.ARM.Collect$$$$00002712)
    __lit__00000000                          0x080000c0   Data           4  entry2.o(.ARM.Collect$$$$00002712)
    .text                                    0x080000c4   Section       28  startup_stm32f030x6.o(.text)
    .text                                    0x080000e0   Section        0  uidiv.o(.text)
    .text                                    0x0800010c   Section        0  idiv.o(.text)
    .text                                    0x08000134   Section        0  llushr.o(.text)
    .text                                    0x08000156   Section        0  memcpya.o(.text)
    .text                                    0x0800017a   Section        0  memseta.o(.text)
    .text                                    0x0800019e   Section        0  atoi.o(.text)
    .text                                    0x080001b8   Section        0  dadd.o(.text)
    .text                                    0x0800031c   Section        0  dmul.o(.text)
    .text                                    0x080003ec   Section        0  ddiv.o(.text)
    .text                                    0x080004dc   Section        0  dscalb.o(.text)
    .text                                    0x08000508   Section        0  dflti.o(.text)
    .text                                    0x08000530   Section        0  dfixi.o(.text)
    .text                                    0x08000578   Section        0  dfixui.o(.text)
    .text                                    0x080005b4   Section       40  cdcmple.o(.text)
    .text                                    0x080005dc   Section        0  uldiv.o(.text)
    .text                                    0x0800063c   Section        0  llshl.o(.text)
    .text                                    0x0800065c   Section        0  llsshr.o(.text)
    .text                                    0x08000684   Section        0  strtod.o(.text)
    _local_sscanf                            0x08000685   Thumb Code    54  strtod.o(.text)
    .text                                    0x08000728   Section        0  strtol.o(.text)
    .text                                    0x08000798   Section        0  depilogue.o(.text)
    .text                                    0x08000798   Section        0  iusefp.o(.text)
    .text                                    0x08000856   Section        0  dsqrt.o(.text)
    .text                                    0x080008f8   Section        0  dfixul.o(.text)
    .text                                    0x08000938   Section       40  cdrcmple.o(.text)
    .text                                    0x08000960   Section       36  init.o(.text)
    .text                                    0x08000984   Section        0  ctype_o.o(.text)
    .text                                    0x0800098c   Section        0  isspace_o.o(.text)
    .text                                    0x080009a0   Section        0  scanf_fp.o(.text)
    _fp_value                                0x080009a1   Thumb Code   286  scanf_fp.o(.text)
    .text                                    0x08000d14   Section        0  _sgetc.o(.text)
    .text                                    0x08000d58   Section        0  _strtoul.o(.text)
    .text                                    0x08000e00   Section        0  dfltui.o(.text)
    .text                                    0x08000e1c   Section        0  llmul.o(.text)
    .text                                    0x08000e96   Section        0  _chval.o(.text)
    .text                                    0x08000eb4   Section        0  dfltul.o(.text)
    .text                                    0x08000ed0   Section        0  d2f.o(.text)
    .text                                    0x08000f08   Section        0  fepilogue.o(.text)
    .text                                    0x08000f8a   Section        0  __dczerorl2.o(.text)
    i.Address_set                            0x08000fe0   Section        0  oled.o(i.Address_set)
    i.AnyKey                                 0x08001038   Section        0  keypad.o(i.AnyKey)
    i.Cal_Fun                                0x08001068   Section        0  calculation.o(i.Cal_Fun)
    i.Cal_OneTwo                             0x0800137c   Section        0  calculation.o(i.Cal_OneTwo)
    i.Calculation_UI                         0x08001488   Section        0  oled.o(i.Calculation_UI)
    i.Circular_UI                            0x080014c8   Section        0  oled.o(i.Circular_UI)
    i.Cols_out                               0x080014f0   Section        0  keypad.o(i.Cols_out)
    i.Data_Handle                            0x0800155c   Section        0  keypad.o(i.Data_Handle)
    i.Draw_Axis                              0x0800182c   Section        0  oled.o(i.Draw_Axis)
    i.Draw_Circle                            0x0800184a   Section        0  oled.o(i.Draw_Circle)
    i.Draw_Round                             0x080018e8   Section        0  draw.o(i.Draw_Round)
    i.Draw_Sin                               0x08001910   Section        0  draw.o(i.Draw_Sin)
    i.FindKey                                0x080019c8   Section        0  keypad.o(i.FindKey)
    i.HAL_Delay                              0x080019dc   Section        0  stm32f0xx_hal.o(i.HAL_Delay)
    i.HAL_GPIO_Init                          0x080019f8   Section        0  stm32f0xx_hal_gpio.o(i.HAL_GPIO_Init)
    i.HAL_GPIO_ReadPin                       0x08001b40   Section        0  stm32f0xx_hal_gpio.o(i.HAL_GPIO_ReadPin)
    i.HAL_GPIO_WritePin                      0x08001b4a   Section        0  stm32f0xx_hal_gpio.o(i.HAL_GPIO_WritePin)
    i.HAL_GetTick                            0x08001b58   Section        0  stm32f0xx_hal.o(i.HAL_GetTick)
    i.HAL_IncTick                            0x08001b64   Section        0  stm32f0xx_hal.o(i.HAL_IncTick)
    i.HAL_Init                               0x08001b74   Section        0  stm32f0xx_hal.o(i.HAL_Init)
    i.HAL_InitTick                           0x08001b94   Section        0  stm32f0xx_hal.o(i.HAL_InitTick)
    i.HAL_MspInit                            0x08001bb8   Section        0  stm32f0xx_hal_msp.o(i.HAL_MspInit)
    i.HAL_NVIC_SetPriority                   0x08001bf0   Section        0  stm32f0xx_hal_cortex.o(i.HAL_NVIC_SetPriority)
    i.HAL_RCCEx_PeriphCLKConfig              0x08001bf8   Section        0  stm32f0xx_hal_rcc_ex.o(i.HAL_RCCEx_PeriphCLKConfig)
    i.HAL_RCC_ClockConfig                    0x08001ce0   Section        0  stm32f0xx_hal_rcc.o(i.HAL_RCC_ClockConfig)
    i.HAL_RCC_GetHCLKFreq                    0x08001e0c   Section        0  stm32f0xx_hal_rcc.o(i.HAL_RCC_GetHCLKFreq)
    i.HAL_RCC_GetPCLK1Freq                   0x08001e18   Section        0  stm32f0xx_hal_rcc.o(i.HAL_RCC_GetPCLK1Freq)
    i.HAL_RCC_GetSysClockFreq                0x08001e38   Section        0  stm32f0xx_hal_rcc.o(i.HAL_RCC_GetSysClockFreq)
    i.HAL_RCC_OscConfig                      0x08001eb0   Section        0  stm32f0xx_hal_rcc.o(i.HAL_RCC_OscConfig)
    i.HAL_SYSTICK_CLKSourceConfig            0x08002204   Section        0  stm32f0xx_hal_cortex.o(i.HAL_SYSTICK_CLKSourceConfig)
    i.HAL_SYSTICK_Callback                   0x0800221c   Section        0  stm32f0xx_hal_cortex.o(i.HAL_SYSTICK_Callback)
    i.HAL_SYSTICK_Config                     0x08002220   Section        0  stm32f0xx_hal_cortex.o(i.HAL_SYSTICK_Config)
    i.HAL_SYSTICK_IRQHandler                 0x08002250   Section        0  stm32f0xx_hal_cortex.o(i.HAL_SYSTICK_IRQHandler)
    i.HAL_UART_Init                          0x08002258   Section        0  stm32f0xx_hal_uart.o(i.HAL_UART_Init)
    i.HAL_UART_MspInit                       0x080022c4   Section        0  usart.o(i.HAL_UART_MspInit)
    i.HAL_UART_Transmit                      0x0800230c   Section        0  stm32f0xx_hal_uart.o(i.HAL_UART_Transmit)
    i.HardFault_Handler                      0x080023d4   Section        0  stm32f0xx_it.o(i.HardFault_Handler)
    i.Infuhao                                0x080023d6   Section        0  calculation.o(i.Infuhao)
    i.Inshuju                                0x080023e0   Section        0  calculation.o(i.Inshuju)
    i.LCD_Clean_Line                         0x080023ee   Section        0  oled.o(i.LCD_Clean_Line)
    i.LCD_Clear                              0x08002424   Section        0  oled.o(i.LCD_Clear)
    i.LCD_DrawLine                           0x08002452   Section        0  oled.o(i.LCD_DrawLine)
    i.LCD_DrawPoint                          0x080024e8   Section        0  oled.o(i.LCD_DrawPoint)
    i.LCD_ShowChar                           0x08002500   Section        0  oled.o(i.LCD_ShowChar)
    i.LCD_ShowString                         0x080025ac   Section        0  oled.o(i.LCD_ShowString)
    i.LCD_WR_DATA                            0x080025ea   Section        0  oled.o(i.LCD_WR_DATA)
    i.LCD_WR_DATA8                           0x0800260a   Section        0  oled.o(i.LCD_WR_DATA8)
    i.LCD_WR_REG                             0x08002622   Section        0  oled.o(i.LCD_WR_REG)
    i.LCD_Writ_Bus                           0x0800263c   Section        0  oled.o(i.LCD_Writ_Bus)
    i.Lcd_Init                               0x0800267c   Section        0  oled.o(i.Lcd_Init)
    i.MX_GPIO_Init                           0x080028a8   Section        0  gpio.o(i.MX_GPIO_Init)
    i.MX_USART1_UART_Init                    0x08002940   Section        0  usart.o(i.MX_USART1_UART_Init)
    i.Math                                   0x0800298c   Section        0  calculation.o(i.Math)
    i.NMI_Handler                            0x080029cc   Section        0  stm32f0xx_it.o(i.NMI_Handler)
    i.NVIC_SetPriority                       0x080029d0   Section        0  stm32f0xx_hal_cortex.o(i.NVIC_SetPriority)
    NVIC_SetPriority                         0x080029d1   Thumb Code    60  stm32f0xx_hal_cortex.o(i.NVIC_SetPriority)
    i.One_One_UI                             0x08002a14   Section        0  oled.o(i.One_One_UI)
    i.One_Two_UI                             0x08002a38   Section        0  oled.o(i.One_Two_UI)
    i.One_two_degree_equation                0x08002ab0   Section        0  draw.o(i.One_two_degree_equation)
    i.PendSV_Handler                         0x08002b1c   Section        0  stm32f0xx_it.o(i.PendSV_Handler)
    i.Putfuhao                               0x08002b1e   Section        0  calculation.o(i.Putfuhao)
    i.Putshuju                               0x08002b2a   Section        0  calculation.o(i.Putshuju)
    i.SVC_Handler                            0x08002b3a   Section        0  stm32f0xx_it.o(i.SVC_Handler)
    i.SameKey                                0x08002b3c   Section        0  keypad.o(i.SameKey)
    i.ScanKey                                0x08002b58   Section        0  keypad.o(i.ScanKey)
    i.Scan_Keyboard                          0x08002bc8   Section        0  keypad.o(i.Scan_Keyboard)
    i.SinMode_UI                             0x08002c48   Section        0  oled.o(i.SinMode_UI)
    i.SysTick_Handler                        0x08002c6c   Section        0  stm32f0xx_it.o(i.SysTick_Handler)
    i.SystemClock_Config                     0x08002c78   Section        0  main.o(i.SystemClock_Config)
    i.SystemInit                             0x08002cf0   Section        0  system_stm32f0xx.o(i.SystemInit)
    i.UART_AdvFeatureConfig                  0x08002d4c   Section        0  stm32f0xx_hal_uart.o(i.UART_AdvFeatureConfig)
    i.UART_CheckIdleState                    0x08002e16   Section        0  stm32f0xx_hal_uart.o(i.UART_CheckIdleState)
    i.UART_SetConfig                         0x08002e28   Section        0  stm32f0xx_hal_uart.o(i.UART_SetConfig)
    i.UART_WaitOnFlagUntilTimeout            0x08002f3c   Section        0  stm32f0xx_hal_uart.o(i.UART_WaitOnFlagUntilTimeout)
    i._Error_Handler                         0x08002f9e   Section        0  main.o(i._Error_Handler)
    i.__0printf                              0x08002fa0   Section        0  printfa.o(i.__0printf)
    i.__0sprintf                             0x08002fc0   Section        0  printfa.o(i.__0sprintf)
    i.__ARM_clz                              0x08002fe8   Section        0  depilogue.o(i.__ARM_clz)
    i.__ARM_common_ll_muluu                  0x08003016   Section        0  rred.o(i.__ARM_common_ll_muluu)
    i.__ARM_common_switch8                   0x08003048   Section        0  main.o(i.__ARM_common_switch8)
    i.__ARM_fpclassify                       0x08003064   Section        0  fpclassify.o(i.__ARM_fpclassify)
    i.__aeabi_errno_addr                     0x08003090   Section        0  errno.o(i.__aeabi_errno_addr)
    i.__ieee754_rem_pio2                     0x08003098   Section        0  rred.o(i.__ieee754_rem_pio2)
    i.__kernel_cos                           0x08003434   Section        0  cos_i.o(i.__kernel_cos)
    i.__kernel_poly                          0x08003528   Section        0  poly.o(i.__kernel_poly)
    i.__kernel_sin                           0x080035d4   Section        0  sin_i.o(i.__kernel_sin)
    i.__mathlib_dbl_infnan                   0x080036c0   Section        0  dunder.o(i.__mathlib_dbl_infnan)
    i.__mathlib_dbl_invalid                  0x080036ca   Section        0  dunder.o(i.__mathlib_dbl_invalid)
    i.__mathlib_dbl_underflow                0x080036dc   Section        0  dunder.o(i.__mathlib_dbl_underflow)
    i.__read_errno                           0x080036f0   Section        0  errno.o(i.__read_errno)
    i.__scatterload_copy                     0x080036fc   Section       14  handlers.o(i.__scatterload_copy)
    i.__scatterload_null                     0x0800370a   Section        2  handlers.o(i.__scatterload_null)
    i.__scatterload_zeroinit                 0x0800370c   Section       14  handlers.o(i.__scatterload_zeroinit)
    i.__set_errno                            0x0800371c   Section        0  errno.o(i.__set_errno)
    i._fp_digits                             0x08003728   Section        0  printfa.o(i._fp_digits)
    _fp_digits                               0x08003729   Thumb Code   344  printfa.o(i._fp_digits)
    i._is_digit                              0x0800389c   Section        0  scanf_fp.o(i._is_digit)
    i._printf_core                           0x080038ac   Section        0  printfa.o(i._printf_core)
    _printf_core                             0x080038ad   Thumb Code  1754  printfa.o(i._printf_core)
    i._printf_post_padding                   0x08003f98   Section        0  printfa.o(i._printf_post_padding)
    _printf_post_padding                     0x08003f99   Thumb Code    32  printfa.o(i._printf_post_padding)
    i._printf_pre_padding                    0x08003fb8   Section        0  printfa.o(i._printf_pre_padding)
    _printf_pre_padding                      0x08003fb9   Thumb Code    44  printfa.o(i._printf_pre_padding)
    i._sputc                                 0x08003fe4   Section        0  printfa.o(i._sputc)
    _sputc                                   0x08003fe5   Thumb Code    10  printfa.o(i._sputc)
    i.atof                                   0x08003fee   Section        0  atof.o(i.atof)
    i.fputc                                  0x08004018   Section        0  main.o(i.fputc)
    i.free                                   0x08004034   Section        0  malloc.o(i.free)
    i.judge                                  0x08004088   Section        0  calculation.o(i.judge)
    i.main                                   0x080040b8   Section        0  main.o(i.main)
    i.malloc                                 0x08004204   Section        0  malloc.o(i.malloc)
    i.sin                                    0x08004270   Section        0  sin.o(i.sin)
    i.sqrt                                   0x0800430c   Section        0  sqrt.o(i.sqrt)
    .constdata                               0x08004354   Section       25  keypad.o(.constdata)
    .constdata                               0x0800436d   Section     1520  oled.o(.constdata)
    .constdata                               0x0800495d   Section       16  system_stm32f0xx.o(.constdata)
    .constdata                               0x0800496d   Section        8  system_stm32f0xx.o(.constdata)
    .constdata                               0x08004978   Section       48  cos_i.o(.constdata)
    C                                        0x08004978   Data          48  cos_i.o(.constdata)
    .constdata                               0x080049a8   Section      200  rred.o(.constdata)
    pio2s                                    0x080049a8   Data          48  rred.o(.constdata)
    twooverpi                                0x080049d8   Data         152  rred.o(.constdata)
    .constdata                               0x08004a70   Section       40  sin_i.o(.constdata)
    S                                        0x08004a70   Data          40  sin_i.o(.constdata)
    .constdata                               0x08004a98   Section      129  ctype_o.o(.constdata)
    .constdata                               0x08004b1c   Section        4  ctype_o.o(.constdata)
    table                                    0x08004b1c   Data           4  ctype_o.o(.constdata)
    .data                                    0x20000000   Section        7  main.o(.data)
    .data                                    0x20000008   Section       26  keypad.o(.data)
    .data                                    0x20000024   Section      648  oled.o(.data)
    .data                                    0x200002ac   Section        4  system_stm32f0xx.o(.data)
    .data                                    0x200002b0   Section        4  stm32f0xx_hal.o(.data)
    .data                                    0x200002b4   Section        4  stdout.o(.data)
    .data                                    0x200002b8   Section        4  mvars.o(.data)
    .data                                    0x200002bc   Section        4  mvars.o(.data)
    .data                                    0x200002c0   Section        4  errno.o(.data)
    _errno                                   0x200002c0   Data           4  errno.o(.data)
    .bss                                     0x200002c4   Section      112  usart.o(.bss)
    .bss                                     0x20000338   Section       80  main.o(.bss)
    .bss                                     0x20000388   Section      160  keypad.o(.bss)
    HEAP                                     0x20000428   Section      512  startup_stm32f030x6.o(HEAP)
    STACK                                    0x20000628   Section     1024  startup_stm32f030x6.o(STACK)

    Global Symbols

    Symbol Name                              Value     Ov Type        Size  Object(Section)

    BuildAttributes$$THM_ISAv3M$S$PE$A:L22$X:L11$S22$IEEE1$IW$USESV6$~STKCKD$USESV7$~SHL$OTIME$ROPI$IEEEX$EBA8$MICROLIB$REQ8$PRES8$EABIv2 0x00000000   Number         0  anon$$obj.o ABSOLUTE
    __ARM_use_no_argv                        0x00000000   Number         0  main.o ABSOLUTE
    _printf_a                                0x00000000   Number         0  stubs.o ABSOLUTE
    _printf_c                                0x00000000   Number         0  stubs.o ABSOLUTE
    _printf_charcount                        0x00000000   Number         0  stubs.o ABSOLUTE
    _printf_d                                0x00000000   Number         0  stubs.o ABSOLUTE
    _printf_e                                0x00000000   Number         0  stubs.o ABSOLUTE
    _printf_f                                0x00000000   Number         0  stubs.o ABSOLUTE
    _printf_flags                            0x00000000   Number         0  stubs.o ABSOLUTE
    _printf_fp_dec                           0x00000000   Number         0  stubs.o ABSOLUTE
    _printf_fp_hex                           0x00000000   Number         0  stubs.o ABSOLUTE
    _printf_g                                0x00000000   Number         0  stubs.o ABSOLUTE
    _printf_i                                0x00000000   Number         0  stubs.o ABSOLUTE
    _printf_int_dec                          0x00000000   Number         0  stubs.o ABSOLUTE
    _printf_l                                0x00000000   Number         0  stubs.o ABSOLUTE
    _printf_lc                               0x00000000   Number         0  stubs.o ABSOLUTE
    _printf_ll                               0x00000000   Number         0  stubs.o ABSOLUTE
    _printf_lld                              0x00000000   Number         0  stubs.o ABSOLUTE
    _printf_lli                              0x00000000   Number         0  stubs.o ABSOLUTE
    _printf_llo                              0x00000000   Number         0  stubs.o ABSOLUTE
    _printf_llu                              0x00000000   Number         0  stubs.o ABSOLUTE
    _printf_llx                              0x00000000   Number         0  stubs.o ABSOLUTE
    _printf_longlong_dec                     0x00000000   Number         0  stubs.o ABSOLUTE
    _printf_longlong_hex                     0x00000000   Number         0  stubs.o ABSOLUTE
    _printf_longlong_oct                     0x00000000   Number         0  stubs.o ABSOLUTE
    _printf_ls                               0x00000000   Number         0  stubs.o ABSOLUTE
    _printf_mbtowc                           0x00000000   Number         0  stubs.o ABSOLUTE
    _printf_n                                0x00000000   Number         0  stubs.o ABSOLUTE
    _printf_o                                0x00000000   Number         0  stubs.o ABSOLUTE
    _printf_p                                0x00000000   Number         0  stubs.o ABSOLUTE
    _printf_percent                          0x00000000   Number         0  stubs.o ABSOLUTE
    _printf_pre_padding                      0x00000000   Number         0  stubs.o ABSOLUTE
    _printf_return_value                     0x00000000   Number         0  stubs.o ABSOLUTE
    _printf_s                                0x00000000   Number         0  stubs.o ABSOLUTE
    _printf_sizespec                         0x00000000   Number         0  stubs.o ABSOLUTE
    _printf_str                              0x00000000   Number         0  stubs.o ABSOLUTE
    _printf_truncate_signed                  0x00000000   Number         0  stubs.o ABSOLUTE
    _printf_truncate_unsigned                0x00000000   Number         0  stubs.o ABSOLUTE
    _printf_u                                0x00000000   Number         0  stubs.o ABSOLUTE
    _printf_wc                               0x00000000   Number         0  stubs.o ABSOLUTE
    _printf_wctomb                           0x00000000   Number         0  stubs.o ABSOLUTE
    _printf_widthprec                        0x00000000   Number         0  stubs.o ABSOLUTE
    _printf_x                                0x00000000   Number         0  stubs.o ABSOLUTE
    __cpp_initialize__aeabi_                  - Undefined Weak Reference
    __cxa_finalize                            - Undefined Weak Reference
    _clock_init                               - Undefined Weak Reference
    _microlib_exit                            - Undefined Weak Reference
    __Vectors_Size                           0x000000b0   Number         0  startup_stm32f030x6.o ABSOLUTE
    __Vectors                                0x08000000   Data           4  startup_stm32f030x6.o(RESET)
    __Vectors_End                            0x080000b0   Data           0  startup_stm32f030x6.o(RESET)
    __main                                   0x080000b1   Thumb Code     0  entry.o(.ARM.Collect$$$$00000000)
    _main_stk                                0x080000b1   Thumb Code     0  entry2.o(.ARM.Collect$$$$00000001)
    _main_scatterload                        0x080000b5   Thumb Code     0  entry5.o(.ARM.Collect$$$$00000004)
    __main_after_scatterload                 0x080000b9   Thumb Code     0  entry5.o(.ARM.Collect$$$$00000004)
    _main_clock                              0x080000b9   Thumb Code     0  entry7b.o(.ARM.Collect$$$$00000008)
    _main_cpp_init                           0x080000b9   Thumb Code     0  entry8b.o(.ARM.Collect$$$$0000000A)
    _main_init                               0x080000b9   Thumb Code     0  entry9a.o(.ARM.Collect$$$$0000000B)
    __rt_final_cpp                           0x080000c1   Thumb Code     0  entry10a.o(.ARM.Collect$$$$0000000D)
    __rt_final_exit                          0x080000c1   Thumb Code     0  entry11a.o(.ARM.Collect$$$$0000000F)
    Reset_Handler                            0x080000c5   Thumb Code     8  startup_stm32f030x6.o(.text)
    ADC1_IRQHandler                          0x080000d7   Thumb Code     0  startup_stm32f030x6.o(.text)
    DMA1_Channel1_IRQHandler                 0x080000d7   Thumb Code     0  startup_stm32f030x6.o(.text)
    DMA1_Channel2_3_IRQHandler               0x080000d7   Thumb Code     0  startup_stm32f030x6.o(.text)
    DMA1_Channel4_5_IRQHandler               0x080000d7   Thumb Code     0  startup_stm32f030x6.o(.text)
    EXTI0_1_IRQHandler                       0x080000d7   Thumb Code     0  startup_stm32f030x6.o(.text)
    EXTI2_3_IRQHandler                       0x080000d7   Thumb Code     0  startup_stm32f030x6.o(.text)
    EXTI4_15_IRQHandler                      0x080000d7   Thumb Code     0  startup_stm32f030x6.o(.text)
    FLASH_IRQHandler                         0x080000d7   Thumb Code     0  startup_stm32f030x6.o(.text)
    I2C1_IRQHandler                          0x080000d7   Thumb Code     0  startup_stm32f030x6.o(.text)
    RCC_IRQHandler                           0x080000d7   Thumb Code     0  startup_stm32f030x6.o(.text)
    RTC_IRQHandler                           0x080000d7   Thumb Code     0  startup_stm32f030x6.o(.text)
    SPI1_IRQHandler                          0x080000d7   Thumb Code     0  startup_stm32f030x6.o(.text)
    TIM14_IRQHandler                         0x080000d7   Thumb Code     0  startup_stm32f030x6.o(.text)
    TIM16_IRQHandler                         0x080000d7   Thumb Code     0  startup_stm32f030x6.o(.text)
    TIM17_IRQHandler                         0x080000d7   Thumb Code     0  startup_stm32f030x6.o(.text)
    TIM1_BRK_UP_TRG_COM_IRQHandler           0x080000d7   Thumb Code     0  startup_stm32f030x6.o(.text)
    TIM1_CC_IRQHandler                       0x080000d7   Thumb Code     0  startup_stm32f030x6.o(.text)
    TIM3_IRQHandler                          0x080000d7   Thumb Code     0  startup_stm32f030x6.o(.text)
    USART1_IRQHandler                        0x080000d7   Thumb Code     0  startup_stm32f030x6.o(.text)
    WWDG_IRQHandler                          0x080000d7   Thumb Code     0  startup_stm32f030x6.o(.text)
    __aeabi_uidiv                            0x080000e1   Thumb Code     0  uidiv.o(.text)
    __aeabi_uidivmod                         0x080000e1   Thumb Code    44  uidiv.o(.text)
    __aeabi_idiv                             0x0800010d   Thumb Code     0  idiv.o(.text)
    __aeabi_idivmod                          0x0800010d   Thumb Code    40  idiv.o(.text)
    __aeabi_llsr                             0x08000135   Thumb Code    34  llushr.o(.text)
    _ll_ushift_r                             0x08000135   Thumb Code     0  llushr.o(.text)
    __aeabi_memcpy                           0x08000157   Thumb Code    36  memcpya.o(.text)
    __aeabi_memcpy4                          0x08000157   Thumb Code     0  memcpya.o(.text)
    __aeabi_memcpy8                          0x08000157   Thumb Code     0  memcpya.o(.text)
    __aeabi_memset                           0x0800017b   Thumb Code    14  memseta.o(.text)
    __aeabi_memset4                          0x0800017b   Thumb Code     0  memseta.o(.text)
    __aeabi_memset8                          0x0800017b   Thumb Code     0  memseta.o(.text)
    __aeabi_memclr                           0x08000189   Thumb Code     4  memseta.o(.text)
    __aeabi_memclr4                          0x08000189   Thumb Code     0  memseta.o(.text)
    __aeabi_memclr8                          0x08000189   Thumb Code     0  memseta.o(.text)
    _memset$wrapper                          0x0800018d   Thumb Code    18  memseta.o(.text)
    atoi                                     0x0800019f   Thumb Code    26  atoi.o(.text)
    __aeabi_dadd                             0x080001b9   Thumb Code   328  dadd.o(.text)
    __aeabi_dsub                             0x08000301   Thumb Code    12  dadd.o(.text)
    __aeabi_drsub                            0x0800030d   Thumb Code    12  dadd.o(.text)
    __aeabi_dmul                             0x0800031d   Thumb Code   202  dmul.o(.text)
    __aeabi_ddiv                             0x080003ed   Thumb Code   234  ddiv.o(.text)
    __ARM_scalbn                             0x080004dd   Thumb Code    44  dscalb.o(.text)
    scalbn                                   0x080004dd   Thumb Code     0  dscalb.o(.text)
    __aeabi_i2d                              0x08000509   Thumb Code    34  dflti.o(.text)
    __aeabi_d2iz                             0x08000531   Thumb Code    62  dfixi.o(.text)
    __aeabi_d2uiz                            0x08000579   Thumb Code    50  dfixui.o(.text)
    __aeabi_cdcmpeq                          0x080005b5   Thumb Code     0  cdcmple.o(.text)
    __aeabi_cdcmple                          0x080005b5   Thumb Code    38  cdcmple.o(.text)
    __aeabi_uldivmod                         0x080005dd   Thumb Code    96  uldiv.o(.text)
    __aeabi_llsl                             0x0800063d   Thumb Code    32  llshl.o(.text)
    _ll_shift_l                              0x0800063d   Thumb Code     0  llshl.o(.text)
    __aeabi_lasr                             0x0800065d   Thumb Code    38  llsshr.o(.text)
    _ll_sshift_r                             0x0800065d   Thumb Code     0  llsshr.o(.text)
    __strtod_int                             0x080006bb   Thumb Code    94  strtod.o(.text)
    strtol                                   0x08000729   Thumb Code   108  strtol.o(.text)
    __I$use$fp                               0x08000799   Thumb Code     0  iusefp.o(.text)
    _double_round                            0x08000799   Thumb Code    26  depilogue.o(.text)
    _double_epilogue                         0x080007b3   Thumb Code   164  depilogue.o(.text)
    _dsqrt                                   0x08000857   Thumb Code   162  dsqrt.o(.text)
    __aeabi_d2ulz                            0x080008f9   Thumb Code    54  dfixul.o(.text)
    __aeabi_cdrcmple                         0x08000939   Thumb Code    38  cdrcmple.o(.text)
    __scatterload                            0x08000961   Thumb Code    28  init.o(.text)
    __scatterload_rt2                        0x08000961   Thumb Code     0  init.o(.text)
    __rt_ctype_table                         0x08000985   Thumb Code     4  ctype_o.o(.text)
    isspace                                  0x0800098d   Thumb Code    18  isspace_o.o(.text)
    _scanf_real                              0x08000abf   Thumb Code     0  scanf_fp.o(.text)
    _scanf_really_real                       0x08000abf   Thumb Code   586  scanf_fp.o(.text)
    _sgetc                                   0x08000d15   Thumb Code    32  _sgetc.o(.text)
    _sbackspace                              0x08000d35   Thumb Code    36  _sgetc.o(.text)
    _strtoul                                 0x08000d59   Thumb Code   166  _strtoul.o(.text)
    __aeabi_ui2d                             0x08000e01   Thumb Code    24  dfltui.o(.text)
    __aeabi_lmul                             0x08000e1d   Thumb Code   122  llmul.o(.text)
    _ll_mul                                  0x08000e1d   Thumb Code     0  llmul.o(.text)
    _chval                                   0x08000e97   Thumb Code    30  _chval.o(.text)
    __aeabi_ul2d                             0x08000eb5   Thumb Code    22  dfltul.o(.text)
    __aeabi_d2f                              0x08000ed1   Thumb Code    56  d2f.o(.text)
    _float_round                             0x08000f09   Thumb Code    16  fepilogue.o(.text)
    _float_epilogue                          0x08000f19   Thumb Code   114  fepilogue.o(.text)
    __decompress                             0x08000f8b   Thumb Code     0  __dczerorl2.o(.text)
    __decompress1                            0x08000f8b   Thumb Code    86  __dczerorl2.o(.text)
    Address_set                              0x08000fe1   Thumb Code    86  oled.o(i.Address_set)
    AnyKey                                   0x08001039   Thumb Code    40  keypad.o(i.AnyKey)
    Cal_Fun                                  0x08001069   Thumb Code   748  calculation.o(i.Cal_Fun)
    Cal_OneTwo                               0x0800137d   Thumb Code   204  calculation.o(i.Cal_OneTwo)
    Calculation_UI                           0x08001489   Thumb Code    30  oled.o(i.Calculation_UI)
    Circular_UI                              0x080014c9   Thumb Code    24  oled.o(i.Circular_UI)
    Cols_out                                 0x080014f1   Thumb Code   100  keypad.o(i.Cols_out)
    Data_Handle                              0x0800155d   Thumb Code   638  keypad.o(i.Data_Handle)
    Draw_Axis                                0x0800182d   Thumb Code    30  oled.o(i.Draw_Axis)
    Draw_Circle                              0x0800184b   Thumb Code   158  oled.o(i.Draw_Circle)
    Draw_Round                               0x080018e9   Thumb Code    38  draw.o(i.Draw_Round)
    Draw_Sin                                 0x08001911   Thumb Code   148  draw.o(i.Draw_Sin)
    FindKey                                  0x080019c9   Thumb Code    14  keypad.o(i.FindKey)
    HAL_Delay                                0x080019dd   Thumb Code    28  stm32f0xx_hal.o(i.HAL_Delay)
    HAL_GPIO_Init                            0x080019f9   Thumb Code   302  stm32f0xx_hal_gpio.o(i.HAL_GPIO_Init)
    HAL_GPIO_ReadPin                         0x08001b41   Thumb Code    10  stm32f0xx_hal_gpio.o(i.HAL_GPIO_ReadPin)
    HAL_GPIO_WritePin                        0x08001b4b   Thumb Code    12  stm32f0xx_hal_gpio.o(i.HAL_GPIO_WritePin)
    HAL_GetTick                              0x08001b59   Thumb Code     6  stm32f0xx_hal.o(i.HAL_GetTick)
    HAL_IncTick                              0x08001b65   Thumb Code    10  stm32f0xx_hal.o(i.HAL_IncTick)
    HAL_Init                                 0x08001b75   Thumb Code    26  stm32f0xx_hal.o(i.HAL_Init)
    HAL_InitTick                             0x08001b95   Thumb Code    34  stm32f0xx_hal.o(i.HAL_InitTick)
    HAL_MspInit                              0x08001bb9   Thumb Code    50  stm32f0xx_hal_msp.o(i.HAL_MspInit)
    HAL_NVIC_SetPriority                     0x08001bf1   Thumb Code     8  stm32f0xx_hal_cortex.o(i.HAL_NVIC_SetPriority)
    HAL_RCCEx_PeriphCLKConfig                0x08001bf9   Thumb Code   218  stm32f0xx_hal_rcc_ex.o(i.HAL_RCCEx_PeriphCLKConfig)
    HAL_RCC_ClockConfig                      0x08001ce1   Thumb Code   280  stm32f0xx_hal_rcc.o(i.HAL_RCC_ClockConfig)
    HAL_RCC_GetHCLKFreq                      0x08001e0d   Thumb Code     6  stm32f0xx_hal_rcc.o(i.HAL_RCC_GetHCLKFreq)
    HAL_RCC_GetPCLK1Freq                     0x08001e19   Thumb Code    20  stm32f0xx_hal_rcc.o(i.HAL_RCC_GetPCLK1Freq)
    HAL_RCC_GetSysClockFreq                  0x08001e39   Thumb Code    76  stm32f0xx_hal_rcc.o(i.HAL_RCC_GetSysClockFreq)
    HAL_RCC_OscConfig                        0x08001eb1   Thumb Code   840  stm32f0xx_hal_rcc.o(i.HAL_RCC_OscConfig)
    HAL_SYSTICK_CLKSourceConfig              0x08002205   Thumb Code    20  stm32f0xx_hal_cortex.o(i.HAL_SYSTICK_CLKSourceConfig)
    HAL_SYSTICK_Callback                     0x0800221d   Thumb Code     2  stm32f0xx_hal_cortex.o(i.HAL_SYSTICK_Callback)
    HAL_SYSTICK_Config                       0x08002221   Thumb Code    38  stm32f0xx_hal_cortex.o(i.HAL_SYSTICK_Config)
    HAL_SYSTICK_IRQHandler                   0x08002251   Thumb Code     8  stm32f0xx_hal_cortex.o(i.HAL_SYSTICK_IRQHandler)
    HAL_UART_Init                            0x08002259   Thumb Code   108  stm32f0xx_hal_uart.o(i.HAL_UART_Init)
    HAL_UART_MspInit                         0x080022c5   Thumb Code    62  usart.o(i.HAL_UART_MspInit)
    HAL_UART_Transmit                        0x0800230d   Thumb Code   200  stm32f0xx_hal_uart.o(i.HAL_UART_Transmit)
    HardFault_Handler                        0x080023d5   Thumb Code     2  stm32f0xx_it.o(i.HardFault_Handler)
    Infuhao                                  0x080023d7   Thumb Code    10  calculation.o(i.Infuhao)
    Inshuju                                  0x080023e1   Thumb Code    14  calculation.o(i.Inshuju)
    LCD_Clean_Line                           0x080023ef   Thumb Code    54  oled.o(i.LCD_Clean_Line)
    LCD_Clear                                0x08002425   Thumb Code    46  oled.o(i.LCD_Clear)
    LCD_DrawLine                             0x08002453   Thumb Code   148  oled.o(i.LCD_DrawLine)
    LCD_DrawPoint                            0x080024e9   Thumb Code    20  oled.o(i.LCD_DrawPoint)
    LCD_ShowChar                             0x08002501   Thumb Code   164  oled.o(i.LCD_ShowChar)
    LCD_ShowString                           0x080025ad   Thumb Code    62  oled.o(i.LCD_ShowString)
    LCD_WR_DATA                              0x080025eb   Thumb Code    32  oled.o(i.LCD_WR_DATA)
    LCD_WR_DATA8                             0x0800260b   Thumb Code    24  oled.o(i.LCD_WR_DATA8)
    LCD_WR_REG                               0x08002623   Thumb Code    24  oled.o(i.LCD_WR_REG)
    LCD_Writ_Bus                             0x0800263d   Thumb Code    60  oled.o(i.LCD_Writ_Bus)
    Lcd_Init                                 0x0800267d   Thumb Code   554  oled.o(i.Lcd_Init)
    MX_GPIO_Init                             0x080028a9   Thumb Code   142  gpio.o(i.MX_GPIO_Init)
    MX_USART1_UART_Init                      0x08002941   Thumb Code    52  usart.o(i.MX_USART1_UART_Init)
    Math                                     0x0800298d   Thumb Code    64  calculation.o(i.Math)
    NMI_Handler                              0x080029cd   Thumb Code     2  stm32f0xx_it.o(i.NMI_Handler)
    One_One_UI                               0x08002a15   Thumb Code    24  oled.o(i.One_One_UI)
    One_Two_UI                               0x08002a39   Thumb Code    40  oled.o(i.One_Two_UI)
    One_two_degree_equation                  0x08002ab1   Thumb Code    70  draw.o(i.One_two_degree_equation)
    PendSV_Handler                           0x08002b1d   Thumb Code     2  stm32f0xx_it.o(i.PendSV_Handler)
    Putfuhao                                 0x08002b1f   Thumb Code    12  calculation.o(i.Putfuhao)
    Putshuju                                 0x08002b2b   Thumb Code    16  calculation.o(i.Putshuju)
    SVC_Handler                              0x08002b3b   Thumb Code     2  stm32f0xx_it.o(i.SVC_Handler)
    SameKey                                  0x08002b3d   Thumb Code    22  keypad.o(i.SameKey)
    ScanKey                                  0x08002b59   Thumb Code    98  keypad.o(i.ScanKey)
    Scan_Keyboard                            0x08002bc9   Thumb Code   108  keypad.o(i.Scan_Keyboard)
    SinMode_UI                               0x08002c49   Thumb Code    24  oled.o(i.SinMode_UI)
    SysTick_Handler                          0x08002c6d   Thumb Code    12  stm32f0xx_it.o(i.SysTick_Handler)
    SystemClock_Config                       0x08002c79   Thumb Code   118  main.o(i.SystemClock_Config)
    SystemInit                               0x08002cf1   Thumb Code    78  system_stm32f0xx.o(i.SystemInit)
    UART_AdvFeatureConfig                    0x08002d4d   Thumb Code   202  stm32f0xx_hal_uart.o(i.UART_AdvFeatureConfig)
    UART_CheckIdleState                      0x08002e17   Thumb Code    18  stm32f0xx_hal_uart.o(i.UART_CheckIdleState)
    UART_SetConfig                           0x08002e29   Thumb Code   258  stm32f0xx_hal_uart.o(i.UART_SetConfig)
    UART_WaitOnFlagUntilTimeout              0x08002f3d   Thumb Code    98  stm32f0xx_hal_uart.o(i.UART_WaitOnFlagUntilTimeout)
    _Error_Handler                           0x08002f9f   Thumb Code     2  main.o(i._Error_Handler)
    __0printf                                0x08002fa1   Thumb Code    24  printfa.o(i.__0printf)
    __1printf                                0x08002fa1   Thumb Code     0  printfa.o(i.__0printf)
    __2printf                                0x08002fa1   Thumb Code     0  printfa.o(i.__0printf)
    __c89printf                              0x08002fa1   Thumb Code     0  printfa.o(i.__0printf)
    printf                                   0x08002fa1   Thumb Code     0  printfa.o(i.__0printf)
    __0sprintf                               0x08002fc1   Thumb Code    36  printfa.o(i.__0sprintf)
    __1sprintf                               0x08002fc1   Thumb Code     0  printfa.o(i.__0sprintf)
    __2sprintf                               0x08002fc1   Thumb Code     0  printfa.o(i.__0sprintf)
    __c89sprintf                             0x08002fc1   Thumb Code     0  printfa.o(i.__0sprintf)
    sprintf                                  0x08002fc1   Thumb Code     0  printfa.o(i.__0sprintf)
    __ARM_clz                                0x08002fe9   Thumb Code    46  depilogue.o(i.__ARM_clz)
    __ARM_common_ll_muluu                    0x08003017   Thumb Code    50  rred.o(i.__ARM_common_ll_muluu)
    __ARM_common_switch8                     0x08003049   Thumb Code    26  main.o(i.__ARM_common_switch8)
    __ARM_fpclassify                         0x08003065   Thumb Code    40  fpclassify.o(i.__ARM_fpclassify)
    __aeabi_errno_addr                       0x08003091   Thumb Code     4  errno.o(i.__aeabi_errno_addr)
    __rt_errno_addr                          0x08003091   Thumb Code     0  errno.o(i.__aeabi_errno_addr)
    __ieee754_rem_pio2                       0x08003099   Thumb Code   838  rred.o(i.__ieee754_rem_pio2)
    __kernel_cos                             0x08003435   Thumb Code   224  cos_i.o(i.__kernel_cos)
    __kernel_poly                            0x08003529   Thumb Code   172  poly.o(i.__kernel_poly)
    __kernel_sin                             0x080035d5   Thumb Code   222  sin_i.o(i.__kernel_sin)
    __mathlib_dbl_infnan                     0x080036c1   Thumb Code    10  dunder.o(i.__mathlib_dbl_infnan)
    __mathlib_dbl_invalid                    0x080036cb   Thumb Code    16  dunder.o(i.__mathlib_dbl_invalid)
    __mathlib_dbl_underflow                  0x080036dd   Thumb Code    14  dunder.o(i.__mathlib_dbl_underflow)
    __read_errno                             0x080036f1   Thumb Code     6  errno.o(i.__read_errno)
    __scatterload_copy                       0x080036fd   Thumb Code    14  handlers.o(i.__scatterload_copy)
    __scatterload_null                       0x0800370b   Thumb Code     2  handlers.o(i.__scatterload_null)
    __scatterload_zeroinit                   0x0800370d   Thumb Code    14  handlers.o(i.__scatterload_zeroinit)
    __set_errno                              0x0800371d   Thumb Code     6  errno.o(i.__set_errno)
    _is_digit                                0x0800389d   Thumb Code    14  scanf_fp.o(i._is_digit)
    atof                                     0x08003fef   Thumb Code    42  atof.o(i.atof)
    fputc                                    0x08004019   Thumb Code    18  main.o(i.fputc)
    free                                     0x08004035   Thumb Code    80  malloc.o(i.free)
    judge                                    0x08004089   Thumb Code    46  calculation.o(i.judge)
    main                                     0x080040b9   Thumb Code   304  main.o(i.main)
    malloc                                   0x08004205   Thumb Code    92  malloc.o(i.malloc)
    sin                                      0x08004271   Thumb Code   146  sin.o(i.sin)
    sqrt                                     0x0800430d   Thumb Code    66  sqrt.o(i.sqrt)
    Code_Map                                 0x08004354   Data          25  keypad.o(.constdata)
    asc2_1608                                0x0800436d   Data        1520  oled.o(.constdata)
    AHBPrescTable                            0x0800495d   Data          16  system_stm32f0xx.o(.constdata)
    APBPrescTable                            0x0800496d   Data           8  system_stm32f0xx.o(.constdata)
    __ctype_table                            0x08004a98   Data         129  ctype_o.o(.constdata)
    Region$$Table$$Base                      0x08004b20   Number         0  anon$$obj.o(Region$$Table)
    Region$$Table$$Limit                     0x08004b40   Number         0  anon$$obj.o(Region$$Table)
    Curren_Mode                              0x20000000   Data           1  main.o(.data)
    Need_Math_Flag                           0x20000001   Data           1  main.o(.data)
    Need_OneTwo_Flag                         0x20000002   Data           1  main.o(.data)
    Need_Circular_Flag                       0x20000003   Data           1  main.o(.data)
    Need_SinMode_Flag                        0x20000004   Data           1  main.o(.data)
    Need_OneOne_Flag                         0x20000005   Data           1  main.o(.data)
    need_clean_data                          0x20000006   Data           1  main.o(.data)
    index                                    0x20000008   Data           1  keypad.o(.data)
    KeyState                                 0x20000009   Data           1  keypad.o(.data)
    KeyCode                                  0x2000000a   Data           1  keypad.o(.data)
    KeyValue                                 0x2000000b   Data           1  keypad.o(.data)
    KeyDown                                  0x2000000c   Data           1  keypad.o(.data)
    KeyNew                                   0x2000000d   Data           1  keypad.o(.data)
    _rows                                    0x2000000e   Data          10  keypad.o(.data)
    _cols                                    0x20000018   Data          10  keypad.o(.data)
    BACK_COLOR                               0x20000024   Data           4  oled.o(.data)
    POINT_COLOR                              0x20000028   Data           4  oled.o(.data)
    hanzi                                    0x2000002c   Data         640  oled.o(.data)
    SystemCoreClock                          0x200002ac   Data           4  system_stm32f0xx.o(.data)
    uwTick                                   0x200002b0   Data           4  stm32f0xx_hal.o(.data)
    __stdout                                 0x200002b4   Data           4  stdout.o(.data)
    __microlib_freelist                      0x200002b8   Data           4  mvars.o(.data)
    __microlib_freelist_initialised          0x200002bc   Data           4  mvars.o(.data)
    huart1                                   0x200002c4   Data         112  usart.o(.bss)
    math_dis                                 0x20000338   Data          50  main.o(.bss)
    input_num                                0x20000370   Data          24  main.o(.bss)
    math_str                                 0x20000388   Data          80  keypad.o(.bss)
    dis_str                                  0x200003d8   Data          80  keypad.o(.bss)
    __heap_base                              0x20000428   Data           0  startup_stm32f030x6.o(HEAP)
    __heap_limit                             0x20000628   Data           0  startup_stm32f030x6.o(HEAP)
    __initial_sp                             0x20000a28   Data           0  startup_stm32f030x6.o(STACK)



==============================================================================

Memory Map of the image

  Image Entry point : 0x080000b1

  Load Region LR_IROM1 (Base: 0x08000000, Size: 0x00004e04, Max: 0x00008000, ABSOLUTE, COMPRESSED[0x00004c68])

    Execution Region ER_IROM1 (Exec base: 0x08000000, Load base: 0x08000000, Size: 0x00004b40, Max: 0x00008000, ABSOLUTE)

    Exec Addr    Load Addr    Size         Type   Attr      Idx    E Section Name        Object

    0x08000000   0x08000000   0x000000b0   Data   RO          695    RESET               startup_stm32f030x6.o
    0x080000b0   0x080000b0   0x00000000   Code   RO         2356  * .ARM.Collect$$$$00000000  mc_p.l(entry.o)
    0x080000b0   0x080000b0   0x00000004   Code   RO         2708    .ARM.Collect$$$$00000001  mc_p.l(entry2.o)
    0x080000b4   0x080000b4   0x00000004   Code   RO         2711    .ARM.Collect$$$$00000004  mc_p.l(entry5.o)
    0x080000b8   0x080000b8   0x00000000   Code   RO         2713    .ARM.Collect$$$$00000008  mc_p.l(entry7b.o)
    0x080000b8   0x080000b8   0x00000000   Code   RO         2715    .ARM.Collect$$$$0000000A  mc_p.l(entry8b.o)
    0x080000b8   0x080000b8   0x00000008   Code   RO         2716    .ARM.Collect$$$$0000000B  mc_p.l(entry9a.o)
    0x080000c0   0x080000c0   0x00000000   Code   RO         2718    .ARM.Collect$$$$0000000D  mc_p.l(entry10a.o)
    0x080000c0   0x080000c0   0x00000000   Code   RO         2720    .ARM.Collect$$$$0000000F  mc_p.l(entry11a.o)
    0x080000c0   0x080000c0   0x00000004   Code   RO         2709    .ARM.Collect$$$$00002712  mc_p.l(entry2.o)
    0x080000c4   0x080000c4   0x0000001c   Code   RO          696    .text               startup_stm32f030x6.o
    0x080000e0   0x080000e0   0x0000002c   Code   RO         2359    .text               mc_p.l(uidiv.o)
    0x0800010c   0x0800010c   0x00000028   Code   RO         2361    .text               mc_p.l(idiv.o)
    0x08000134   0x08000134   0x00000022   Code   RO         2363    .text               mc_p.l(llushr.o)
    0x08000156   0x08000156   0x00000024   Code   RO         2365    .text               mc_p.l(memcpya.o)
    0x0800017a   0x0800017a   0x00000024   Code   RO         2367    .text               mc_p.l(memseta.o)
    0x0800019e   0x0800019e   0x0000001a   Code   RO         2660    .text               mc_p.l(atoi.o)
    0x080001b8   0x080001b8   0x00000164   Code   RO         2662    .text               mf_p.l(dadd.o)
    0x0800031c   0x0800031c   0x000000d0   Code   RO         2664    .text               mf_p.l(dmul.o)
    0x080003ec   0x080003ec   0x000000f0   Code   RO         2666    .text               mf_p.l(ddiv.o)
    0x080004dc   0x080004dc   0x0000002c   Code   RO         2668    .text               mf_p.l(dscalb.o)
    0x08000508   0x08000508   0x00000028   Code   RO         2670    .text               mf_p.l(dflti.o)
    0x08000530   0x08000530   0x00000048   Code   RO         2672    .text               mf_p.l(dfixi.o)
    0x08000578   0x08000578   0x0000003c   Code   RO         2674    .text               mf_p.l(dfixui.o)
    0x080005b4   0x080005b4   0x00000028   Code   RO         2676    .text               mf_p.l(cdcmple.o)
    0x080005dc   0x080005dc   0x00000060   Code   RO         2723    .text               mc_p.l(uldiv.o)
    0x0800063c   0x0800063c   0x00000020   Code   RO         2725    .text               mc_p.l(llshl.o)
    0x0800065c   0x0800065c   0x00000026   Code   RO         2727    .text               mc_p.l(llsshr.o)
    0x08000682   0x08000682   0x00000002   PAD
    0x08000684   0x08000684   0x000000a4   Code   RO         2738    .text               mc_p.l(strtod.o)
    0x08000728   0x08000728   0x00000070   Code   RO         2740    .text               mc_p.l(strtol.o)
    0x08000798   0x08000798   0x00000000   Code   RO         2742    .text               mc_p.l(iusefp.o)
    0x08000798   0x08000798   0x000000be   Code   RO         2743    .text               mf_p.l(depilogue.o)
    0x08000856   0x08000856   0x000000a2   Code   RO         2747    .text               mf_p.l(dsqrt.o)
    0x080008f8   0x080008f8   0x00000040   Code   RO         2749    .text               mf_p.l(dfixul.o)
    0x08000938   0x08000938   0x00000028   Code   RO         2751    .text               mf_p.l(cdrcmple.o)
    0x08000960   0x08000960   0x00000024   Code   RO         2757    .text               mc_p.l(init.o)
    0x08000984   0x08000984   0x00000008   Code   RO         2761    .text               mc_p.l(ctype_o.o)
    0x0800098c   0x0800098c   0x00000012   Code   RO         2783    .text               mc_p.l(isspace_o.o)
    0x0800099e   0x0800099e   0x00000002   PAD
    0x080009a0   0x080009a0   0x00000374   Code   RO         2789    .text               mc_p.l(scanf_fp.o)
    0x08000d14   0x08000d14   0x00000044   Code   RO         2793    .text               mc_p.l(_sgetc.o)
    0x08000d58   0x08000d58   0x000000a6   Code   RO         2795    .text               mc_p.l(_strtoul.o)
    0x08000dfe   0x08000dfe   0x00000002   PAD
    0x08000e00   0x08000e00   0x0000001c   Code   RO         2797    .text               mf_p.l(dfltui.o)
    0x08000e1c   0x08000e1c   0x0000007a   Code   RO         2799    .text               mc_p.l(llmul.o)
    0x08000e96   0x08000e96   0x0000001e   Code   RO         2804    .text               mc_p.l(_chval.o)
    0x08000eb4   0x08000eb4   0x0000001c   Code   RO         2806    .text               mf_p.l(dfltul.o)
    0x08000ed0   0x08000ed0   0x00000038   Code   RO         2808    .text               mf_p.l(d2f.o)
    0x08000f08   0x08000f08   0x00000082   Code   RO         2810    .text               mf_p.l(fepilogue.o)
    0x08000f8a   0x08000f8a   0x00000056   Code   RO         2820    .text               mc_p.l(__dczerorl2.o)
    0x08000fe0   0x08000fe0   0x00000056   Code   RO          481    i.Address_set       oled.o
    0x08001036   0x08001036   0x00000002   PAD
    0x08001038   0x08001038   0x00000030   Code   RO          391    i.AnyKey            keypad.o
    0x08001068   0x08001068   0x00000314   Code   RO          279    i.Cal_Fun           calculation.o
    0x0800137c   0x0800137c   0x0000010c   Code   RO          280    i.Cal_OneTwo        calculation.o
    0x08001488   0x08001488   0x00000040   Code   RO          482    i.Calculation_UI    oled.o
    0x080014c8   0x080014c8   0x00000028   Code   RO          483    i.Circular_UI       oled.o
    0x080014f0   0x080014f0   0x0000006c   Code   RO          393    i.Cols_out          keypad.o
    0x0800155c   0x0800155c   0x000002d0   Code   RO          394    i.Data_Handle       keypad.o
    0x0800182c   0x0800182c   0x0000001e   Code   RO          484    i.Draw_Axis         oled.o
    0x0800184a   0x0800184a   0x0000009e   Code   RO          485    i.Draw_Circle       oled.o
    0x080018e8   0x080018e8   0x00000026   Code   RO          359    i.Draw_Round        draw.o
    0x0800190e   0x0800190e   0x00000002   PAD
    0x08001910   0x08001910   0x000000b8   Code   RO          360    i.Draw_Sin          draw.o
    0x080019c8   0x080019c8   0x00000014   Code   RO          395    i.FindKey           keypad.o
    0x080019dc   0x080019dc   0x0000001c   Code   RO         1637    i.HAL_Delay         stm32f0xx_hal.o
    0x080019f8   0x080019f8   0x00000148   Code   RO         1063    i.HAL_GPIO_Init     stm32f0xx_hal_gpio.o
    0x08001b40   0x08001b40   0x0000000a   Code   RO         1065    i.HAL_GPIO_ReadPin  stm32f0xx_hal_gpio.o
    0x08001b4a   0x08001b4a   0x0000000c   Code   RO         1067    i.HAL_GPIO_WritePin  stm32f0xx_hal_gpio.o
    0x08001b56   0x08001b56   0x00000002   PAD
    0x08001b58   0x08001b58   0x0000000c   Code   RO         1641    i.HAL_GetTick       stm32f0xx_hal.o
    0x08001b64   0x08001b64   0x00000010   Code   RO         1645    i.HAL_IncTick       stm32f0xx_hal.o
    0x08001b74   0x08001b74   0x00000020   Code   RO         1646    i.HAL_Init          stm32f0xx_hal.o
    0x08001b94   0x08001b94   0x00000022   Code   RO         1647    i.HAL_InitTick      stm32f0xx_hal.o
    0x08001bb6   0x08001bb6   0x00000002   PAD
    0x08001bb8   0x08001bb8   0x00000038   Code   RO            3    i.HAL_MspInit       stm32f0xx_hal_msp.o
    0x08001bf0   0x08001bf0   0x00000008   Code   RO         2250    i.HAL_NVIC_SetPriority  stm32f0xx_hal_cortex.o
    0x08001bf8   0x08001bf8   0x000000e8   Code   RO         1863    i.HAL_RCCEx_PeriphCLKConfig  stm32f0xx_hal_rcc_ex.o
    0x08001ce0   0x08001ce0   0x0000012c   Code   RO         1770    i.HAL_RCC_ClockConfig  stm32f0xx_hal_rcc.o
    0x08001e0c   0x08001e0c   0x0000000c   Code   RO         1775    i.HAL_RCC_GetHCLKFreq  stm32f0xx_hal_rcc.o
    0x08001e18   0x08001e18   0x00000020   Code   RO         1777    i.HAL_RCC_GetPCLK1Freq  stm32f0xx_hal_rcc.o
    0x08001e38   0x08001e38   0x00000078   Code   RO         1778    i.HAL_RCC_GetSysClockFreq  stm32f0xx_hal_rcc.o
    0x08001eb0   0x08001eb0   0x00000354   Code   RO         1781    i.HAL_RCC_OscConfig  stm32f0xx_hal_rcc.o
    0x08002204   0x08002204   0x00000018   Code   RO         2252    i.HAL_SYSTICK_CLKSourceConfig  stm32f0xx_hal_cortex.o
    0x0800221c   0x0800221c   0x00000002   Code   RO         2253    i.HAL_SYSTICK_Callback  stm32f0xx_hal_cortex.o
    0x0800221e   0x0800221e   0x00000002   PAD
    0x08002220   0x08002220   0x00000030   Code   RO         2254    i.HAL_SYSTICK_Config  stm32f0xx_hal_cortex.o
    0x08002250   0x08002250   0x00000008   Code   RO         2255    i.HAL_SYSTICK_IRQHandler  stm32f0xx_hal_cortex.o
    0x08002258   0x08002258   0x0000006c   Code   RO         1931    i.HAL_UART_Init     stm32f0xx_hal_uart.o
    0x080022c4   0x080022c4   0x00000048   Code   RO          113    i.HAL_UART_MspInit  usart.o
    0x0800230c   0x0800230c   0x000000c8   Code   RO         1939    i.HAL_UART_Transmit  stm32f0xx_hal_uart.o
    0x080023d4   0x080023d4   0x00000002   Code   RO          153    i.HardFault_Handler  stm32f0xx_it.o
    0x080023d6   0x080023d6   0x0000000a   Code   RO          281    i.Infuhao           calculation.o
    0x080023e0   0x080023e0   0x0000000e   Code   RO          284    i.Inshuju           calculation.o
    0x080023ee   0x080023ee   0x00000036   Code   RO          486    i.LCD_Clean_Line    oled.o
    0x08002424   0x08002424   0x0000002e   Code   RO          487    i.LCD_Clear         oled.o
    0x08002452   0x08002452   0x00000094   Code   RO          488    i.LCD_DrawLine      oled.o
    0x080024e6   0x080024e6   0x00000002   PAD
    0x080024e8   0x080024e8   0x00000018   Code   RO          489    i.LCD_DrawPoint     oled.o
    0x08002500   0x08002500   0x000000ac   Code   RO          494    i.LCD_ShowChar      oled.o
    0x080025ac   0x080025ac   0x0000003e   Code   RO          496    i.LCD_ShowString    oled.o
    0x080025ea   0x080025ea   0x00000020   Code   RO          497    i.LCD_WR_DATA       oled.o
    0x0800260a   0x0800260a   0x00000018   Code   RO          498    i.LCD_WR_DATA8      oled.o
    0x08002622   0x08002622   0x00000018   Code   RO          499    i.LCD_WR_REG        oled.o
    0x0800263a   0x0800263a   0x00000002   PAD
    0x0800263c   0x0800263c   0x00000040   Code   RO          501    i.LCD_Writ_Bus      oled.o
    0x0800267c   0x0800267c   0x0000022a   Code   RO          502    i.Lcd_Init          oled.o
    0x080028a6   0x080028a6   0x00000002   PAD
    0x080028a8   0x080028a8   0x00000098   Code   RO          200    i.MX_GPIO_Init      gpio.o
    0x08002940   0x08002940   0x0000004c   Code   RO          114    i.MX_USART1_UART_Init  usart.o
    0x0800298c   0x0800298c   0x00000040   Code   RO          285    i.Math              calculation.o
    0x080029cc   0x080029cc   0x00000002   Code   RO          154    i.NMI_Handler       stm32f0xx_it.o
    0x080029ce   0x080029ce   0x00000002   PAD
    0x080029d0   0x080029d0   0x00000044   Code   RO         2256    i.NVIC_SetPriority  stm32f0xx_hal_cortex.o
    0x08002a14   0x08002a14   0x00000024   Code   RO          503    i.One_One_UI        oled.o
    0x08002a38   0x08002a38   0x00000078   Code   RO          504    i.One_Two_UI        oled.o
    0x08002ab0   0x08002ab0   0x0000006c   Code   RO          361    i.One_two_degree_equation  draw.o
    0x08002b1c   0x08002b1c   0x00000002   Code   RO          155    i.PendSV_Handler    stm32f0xx_it.o
    0x08002b1e   0x08002b1e   0x0000000c   Code   RO          286    i.Putfuhao          calculation.o
    0x08002b2a   0x08002b2a   0x00000010   Code   RO          287    i.Putshuju          calculation.o
    0x08002b3a   0x08002b3a   0x00000002   Code   RO          156    i.SVC_Handler       stm32f0xx_it.o
    0x08002b3c   0x08002b3c   0x0000001c   Code   RO          397    i.SameKey           keypad.o
    0x08002b58   0x08002b58   0x00000070   Code   RO          398    i.ScanKey           keypad.o
    0x08002bc8   0x08002bc8   0x00000080   Code   RO          399    i.Scan_Keyboard     keypad.o
    0x08002c48   0x08002c48   0x00000024   Code   RO          505    i.SinMode_UI        oled.o
    0x08002c6c   0x08002c6c   0x0000000c   Code   RO          157    i.SysTick_Handler   stm32f0xx_it.o
    0x08002c78   0x08002c78   0x00000076   Code   RO          220    i.SystemClock_Config  main.o
    0x08002cee   0x08002cee   0x00000002   PAD
    0x08002cf0   0x08002cf0   0x0000005c   Code   RO          662    i.SystemInit        system_stm32f0xx.o
    0x08002d4c   0x08002d4c   0x000000ca   Code   RO         1944    i.UART_AdvFeatureConfig  stm32f0xx_hal_uart.o
    0x08002e16   0x08002e16   0x00000012   Code   RO         1945    i.UART_CheckIdleState  stm32f0xx_hal_uart.o
    0x08002e28   0x08002e28   0x00000114   Code   RO         1960    i.UART_SetConfig    stm32f0xx_hal_uart.o
    0x08002f3c   0x08002f3c   0x00000062   Code   RO         1962    i.UART_WaitOnFlagUntilTimeout  stm32f0xx_hal_uart.o
    0x08002f9e   0x08002f9e   0x00000002   Code   RO          221    i._Error_Handler    main.o
    0x08002fa0   0x08002fa0   0x00000020   Code   RO         2604    i.__0printf         mc_p.l(printfa.o)
    0x08002fc0   0x08002fc0   0x00000028   Code   RO         2606    i.__0sprintf        mc_p.l(printfa.o)
    0x08002fe8   0x08002fe8   0x0000002e   Code   RO         2745    i.__ARM_clz         mf_p.l(depilogue.o)
    0x08003016   0x08003016   0x00000032   Code   RO         2700    i.__ARM_common_ll_muluu  m_ps.l(rred.o)
    0x08003048   0x08003048   0x0000001a   Code   RO          256    i.__ARM_common_switch8  main.o
    0x08003062   0x08003062   0x00000002   PAD
    0x08003064   0x08003064   0x0000002c   Code   RO         2753    i.__ARM_fpclassify  m_ps.l(fpclassify.o)
    0x08003090   0x08003090   0x00000008   Code   RO         2731    i.__aeabi_errno_addr  mc_p.l(errno.o)
    0x08003098   0x08003098   0x0000039c   Code   RO         2695    i.__ieee754_rem_pio2  m_ps.l(rred.o)
    0x08003434   0x08003434   0x000000f4   Code   RO         2678    i.__kernel_cos      m_ps.l(cos_i.o)
    0x08003528   0x08003528   0x000000ac   Code   RO         2755    i.__kernel_poly     m_ps.l(poly.o)
    0x080035d4   0x080035d4   0x000000ec   Code   RO         2702    i.__kernel_sin      m_ps.l(sin_i.o)
    0x080036c0   0x080036c0   0x0000000a   Code   RO         2682    i.__mathlib_dbl_infnan  m_ps.l(dunder.o)
    0x080036ca   0x080036ca   0x00000010   Code   RO         2684    i.__mathlib_dbl_invalid  m_ps.l(dunder.o)
    0x080036da   0x080036da   0x00000002   PAD
    0x080036dc   0x080036dc   0x00000014   Code   RO         2687    i.__mathlib_dbl_underflow  m_ps.l(dunder.o)
    0x080036f0   0x080036f0   0x0000000c   Code   RO         2732    i.__read_errno      mc_p.l(errno.o)
    0x080036fc   0x080036fc   0x0000000e   Code   RO         2814    i.__scatterload_copy  mc_p.l(handlers.o)
    0x0800370a   0x0800370a   0x00000002   Code   RO         2815    i.__scatterload_null  mc_p.l(handlers.o)
    0x0800370c   0x0800370c   0x0000000e   Code   RO         2816    i.__scatterload_zeroinit  mc_p.l(handlers.o)
    0x0800371a   0x0800371a   0x00000002   PAD
    0x0800371c   0x0800371c   0x0000000c   Code   RO         2733    i.__set_errno       mc_p.l(errno.o)
    0x08003728   0x08003728   0x00000174   Code   RO         2611    i._fp_digits        mc_p.l(printfa.o)
    0x0800389c   0x0800389c   0x0000000e   Code   RO         2791    i._is_digit         mc_p.l(scanf_fp.o)
    0x080038aa   0x080038aa   0x00000002   PAD
    0x080038ac   0x080038ac   0x000006ec   Code   RO         2612    i._printf_core      mc_p.l(printfa.o)
    0x08003f98   0x08003f98   0x00000020   Code   RO         2613    i._printf_post_padding  mc_p.l(printfa.o)
    0x08003fb8   0x08003fb8   0x0000002c   Code   RO         2614    i._printf_pre_padding  mc_p.l(printfa.o)
    0x08003fe4   0x08003fe4   0x0000000a   Code   RO         2616    i._sputc            mc_p.l(printfa.o)
    0x08003fee   0x08003fee   0x0000002a   Code   RO         2337    i.atof              m_ps.l(atof.o)
    0x08004018   0x08004018   0x0000001c   Code   RO          222    i.fputc             main.o
    0x08004034   0x08004034   0x00000054   Code   RO         2632    i.free              mc_p.l(malloc.o)
    0x08004088   0x08004088   0x0000002e   Code   RO          290    i.judge             calculation.o
    0x080040b6   0x080040b6   0x00000002   PAD
    0x080040b8   0x080040b8   0x0000014c   Code   RO          223    i.main              main.o
    0x08004204   0x08004204   0x0000006c   Code   RO         2633    i.malloc            mc_p.l(malloc.o)
    0x08004270   0x08004270   0x0000009c   Code   RO         2341    i.sin               m_ps.l(sin.o)
    0x0800430c   0x0800430c   0x00000048   Code   RO         2349    i.sqrt              m_ps.l(sqrt.o)
    0x08004354   0x08004354   0x00000019   Data   RO          405    .constdata          keypad.o
    0x0800436d   0x0800436d   0x000005f0   Data   RO          508    .constdata          oled.o
    0x0800495d   0x0800495d   0x00000010   Data   RO          663    .constdata          system_stm32f0xx.o
    0x0800496d   0x0800496d   0x00000008   Data   RO          664    .constdata          system_stm32f0xx.o
    0x08004975   0x08004975   0x00000003   PAD
    0x08004978   0x08004978   0x00000030   Data   RO         2679    .constdata          m_ps.l(cos_i.o)
    0x080049a8   0x080049a8   0x000000c8   Data   RO         2697    .constdata          m_ps.l(rred.o)
    0x08004a70   0x08004a70   0x00000028   Data   RO         2703    .constdata          m_ps.l(sin_i.o)
    0x08004a98   0x08004a98   0x00000081   Data   RO         2762    .constdata          mc_p.l(ctype_o.o)
    0x08004b19   0x08004b19   0x00000003   PAD
    0x08004b1c   0x08004b1c   0x00000004   Data   RO         2763    .constdata          mc_p.l(ctype_o.o)
    0x08004b20   0x08004b20   0x00000020   Data   RO         2812    Region$$Table       anon$$obj.o


    Execution Region RW_IRAM1 (Exec base: 0x20000000, Load base: 0x08004b40, Size: 0x00000a28, Max: 0x00001000, ABSOLUTE, COMPRESSED[0x00000128])

    Exec Addr    Load Addr    Size         Type   Attr      Idx    E Section Name        Object

    0x20000000   COMPRESSED   0x00000007   Data   RW          225    .data               main.o
    0x20000007   COMPRESSED   0x00000001   PAD
    0x20000008   COMPRESSED   0x0000001a   Data   RW          406    .data               keypad.o
    0x20000022   COMPRESSED   0x00000002   PAD
    0x20000024   COMPRESSED   0x00000288   Data   RW          509    .data               oled.o
    0x200002ac   COMPRESSED   0x00000004   Data   RW          665    .data               system_stm32f0xx.o
    0x200002b0   COMPRESSED   0x00000004   Data   RW         1652    .data               stm32f0xx_hal.o
    0x200002b4   COMPRESSED   0x00000004   Data   RW         2722    .data               mc_p.l(stdout.o)
    0x200002b8   COMPRESSED   0x00000004   Data   RW         2729    .data               mc_p.l(mvars.o)
    0x200002bc   COMPRESSED   0x00000004   Data   RW         2730    .data               mc_p.l(mvars.o)
    0x200002c0   COMPRESSED   0x00000004   Data   RW         2734    .data               mc_p.l(errno.o)
    0x200002c4        -       0x00000070   Zero   RW          115    .bss                usart.o
    0x20000334   COMPRESSED   0x00000004   PAD
    0x20000338        -       0x00000050   Zero   RW          224    .bss                main.o
    0x20000388        -       0x000000a0   Zero   RW          403    .bss                keypad.o
    0x20000428        -       0x00000200   Zero   RW          694    HEAP                startup_stm32f030x6.o
    0x20000628        -       0x00000400   Zero   RW          693    STACK               startup_stm32f030x6.o


==============================================================================

Image component sizes


      Code (inc. data)   RO Data    RW Data    ZI Data      Debug   Object Name

      1218        104          0          0          0       6760   calculation.o
       330         74          0          0          0       1766   draw.o
       152         10          0          0          0        851   gpio.o
      1164        168         25         26        160       6181   keypad.o
       506         46          0          7         80       4523   main.o
      1774        170       1520        648          0      12424   oled.o
        28          8        176          0       1536        588   startup_stm32f030x6.o
       122         18          0          4          0       3559   stm32f0xx_hal.o
       158         22          0          0          0       9842   stm32f0xx_hal_cortex.o
       350         26          0          0          0       2827   stm32f0xx_hal_gpio.o
        56          6          0          0          0     231290   stm32f0xx_hal_msp.o
      1316         94          0          0          0       4949   stm32f0xx_hal_rcc.o
       232         14          0          0          0       1344   stm32f0xx_hal_rcc_ex.o
       902         18          0          0          0       5729   stm32f0xx_hal_uart.o
        20          0          0          0          0       2043   stm32f0xx_it.o
        92         14         24          4          0       1111   system_stm32f0xx.o
       148         34          0          0        112       1530   usart.o

    ----------------------------------------------------------------------
      8592        826       1780        692       1892     297317   Object Totals
         0          0         32          0          0          0   (incl. Generated)
        24          0          3          3          4          0   (incl. Padding)

    ----------------------------------------------------------------------

      Code (inc. data)   RO Data    RW Data    ZI Data      Debug   Library Member Name

        42          0          0          0          0         76   atof.o
       244         20         48          0          0         92   cos_i.o
        46          6          0          0          0        204   dunder.o
        44          4          0          0          0         60   fpclassify.o
       172          0          0          0          0         76   poly.o
       974         86        200          0          0        200   rred.o
       156         10          0          0          0        104   sin.o
       236         14         40          0          0        100   sin_i.o
        72          6          0          0          0         76   sqrt.o
        86          0          0          0          0          0   __dczerorl2.o
        30          0          0          0          0         60   _chval.o
        68          0          0          0          0         76   _sgetc.o
       166          0          0          0          0         84   _strtoul.o
        26          0          0          0          0         72   atoi.o
         8          4        133          0          0         60   ctype_o.o
         0          0          0          0          0          0   entry.o
         0          0          0          0          0          0   entry10a.o
         0          0          0          0          0          0   entry11a.o
         8          4          0          0          0          0   entry2.o
         4          0          0          0          0          0   entry5.o
         0          0          0          0          0          0   entry7b.o
         0          0          0          0          0          0   entry8b.o
         8          4          0          0          0          0   entry9a.o
        32         16          0          4          0        180   errno.o
        30          0          0          0          0          0  